19:17:11 **** Build of configuration Debug for project FINAL_PROJECT_FEET ****
make -j16 all 
arm-none-eabi-gcc -mcpu=cortex-m3 -g3 -c -x assembler-with-cpp -MMD -MP -MF"Startup/startup_stm32f103c8tx.d" -MT"Startup/startup_stm32f103c8tx.o" --specs=nano.specs -mfloat-abi=soft -mthumb -o "Startup/startup_stm32f103c8tx.o" "../Startup/startup_stm32f103c8tx.s"
arm-none-eabi-gcc "../Src/main.c" -mcpu=cortex-m3 -std=gnu11 -g3 -DSTM32 -DSTM32F1 -DSTM32F103C8Tx -DDEBUG -c -I../Inc -I"C:/E/embedded/test/final simulation code for my assignments/artificial foot/FINAL_PROJECT_FEET/STM32f103c8_drivers/inc" -O0 -ffunction-sections -fdata-sections -Wall -fstack-usage -MMD -MP -MF"Src/main.d" -MT"Src/main.o" --specs=nano.specs -mfloat-abi=soft -mthumb -o "Src/main.o"
arm-none-eabi-gcc "../Src/syscalls.c" -mcpu=cortex-m3 -std=gnu11 -g3 -DSTM32 -DSTM32F1 -DSTM32F103C8Tx -DDEBUG -c -I../Inc -I"C:/E/embedded/test/final simulation code for my assignments/artificial foot/FINAL_PROJECT_FEET/STM32f103c8_drivers/inc" -O0 -ffunction-sections -fdata-sections -Wall -fstack-usage -MMD -MP -MF"Src/syscalls.d" -MT"Src/syscalls.o" --specs=nano.specs -mfloat-abi=soft -mthumb -o "Src/syscalls.o"
arm-none-eabi-gcc "../Src/sysmem.c" -mcpu=cortex-m3 -std=gnu11 -g3 -DSTM32 -DSTM32F1 -DSTM32F103C8Tx -DDEBUG -c -I../Inc -I"C:/E/embedded/test/final simulation code for my assignments/artificial foot/FINAL_PROJECT_FEET/STM32f103c8_drivers/inc" -O0 -ffunction-sections -fdata-sections -Wall -fstack-usage -MMD -MP -MF"Src/sysmem.d" -MT"Src/sysmem.o" --specs=nano.specs -mfloat-abi=soft -mthumb -o "Src/sysmem.o"
arm-none-eabi-gcc "../STM32f103c8_drivers/EEPROM.c" -mcpu=cortex-m3 -std=gnu11 -g3 -DSTM32 -DSTM32F1 -DSTM32F103C8Tx -DDEBUG -c -I../Inc -I"C:/E/embedded/test/final simulation code for my assignments/artificial foot/FINAL_PROJECT_FEET/STM32f103c8_drivers/inc" -O0 -ffunction-sections -fdata-sections -Wall -fstack-usage -MMD -MP -MF"STM32f103c8_drivers/EEPROM.d" -MT"STM32f103c8_drivers/EEPROM.o" --specs=nano.specs -mfloat-abi=soft -mthumb -o "STM32f103c8_drivers/EEPROM.o"
arm-none-eabi-gcc "../STM32f103c8_drivers/FIFO.c" -mcpu=cortex-m3 -std=gnu11 -g3 -DSTM32 -DSTM32F1 -DSTM32F103C8Tx -DDEBUG -c -I../Inc -I"C:/E/embedded/test/final simulation code for my assignments/artificial foot/FINAL_PROJECT_FEET/STM32f103c8_drivers/inc" -O0 -ffunction-sections -fdata-sections -Wall -fstack-usage -MMD -MP -MF"STM32f103c8_drivers/FIFO.d" -MT"STM32f103c8_drivers/FIFO.o" --specs=nano.specs -mfloat-abi=soft -mthumb -o "STM32f103c8_drivers/FIFO.o"
arm-none-eabi-gcc "../STM32f103c8_drivers/GPIO_DRIVER.c" -mcpu=cortex-m3 -std=gnu11 -g3 -DSTM32 -DSTM32F1 -DSTM32F103C8Tx -DDEBUG -c -I../Inc -I"C:/E/embedded/test/final simulation code for my assignments/artificial foot/FINAL_PROJECT_FEET/STM32f103c8_drivers/inc" -O0 -ffunction-sections -fdata-sections -Wall -fstack-usage -MMD -MP -MF"STM32f103c8_drivers/GPIO_DRIVER.d" -MT"STM32f103c8_drivers/GPIO_DRIVER.o" --specs=nano.specs -mfloat-abi=soft -mthumb -o "STM32f103c8_drivers/GPIO_DRIVER.o"
arm-none-eabi-gcc "../STM32f103c8_drivers/I2C_LCD.c" -mcpu=cortex-m3 -std=gnu11 -g3 -DSTM32 -DSTM32F1 -DSTM32F103C8Tx -DDEBUG -c -I../Inc -I"C:/E/embedded/test/final simulation code for my assignments/artificial foot/FINAL_PROJECT_FEET/STM32f103c8_drivers/inc" -O0 -ffunction-sections -fdata-sections -Wall -fstack-usage -MMD -MP -MF"STM32f103c8_drivers/I2C_LCD.d" -MT"STM32f103c8_drivers/I2C_LCD.o" --specs=nano.specs -mfloat-abi=soft -mthumb -o "STM32f103c8_drivers/I2C_LCD.o"
arm-none-eabi-gcc "../STM32f103c8_drivers/LCD.c" -mcpu=cortex-m3 -std=gnu11 -g3 -DSTM32 -DSTM32F1 -DSTM32F103C8Tx -DDEBUG -c -I../Inc -I"C:/E/embedded/test/final simulation code for my assignments/artificial foot/FINAL_PROJECT_FEET/STM32f103c8_drivers/inc" -O0 -ffunction-sections -fdata-sections -Wall -fstack-usage -MMD -MP -MF"STM32f103c8_drivers/LCD.d" -MT"STM32f103c8_drivers/LCD.o" --specs=nano.specs -mfloat-abi=soft -mthumb -o "STM32f103c8_drivers/LCD.o"
arm-none-eabi-gcc "../STM32f103c8_drivers/LIFO.c" -mcpu=cortex-m3 -std=gnu11 -g3 -DSTM32 -DSTM32F1 -DSTM32F103C8Tx -DDEBUG -c -I../Inc -I"C:/E/embedded/test/final simulation code for my assignments/artificial foot/FINAL_PROJECT_FEET/STM32f103c8_drivers/inc" -O0 -ffunction-sections -fdata-sections -Wall -fstack-usage -MMD -MP -MF"STM32f103c8_drivers/LIFO.d" -MT"STM32f103c8_drivers/LIFO.o" --specs=nano.specs -mfloat-abi=soft -mthumb -o "STM32f103c8_drivers/LIFO.o"
arm-none-eabi-gcc "../STM32f103c8_drivers/MPU6050.c" -mcpu=cortex-m3 -std=gnu11 -g3 -DSTM32 -DSTM32F1 -DSTM32F103C8Tx -DDEBUG -c -I../Inc -I"C:/E/embedded/test/final simulation code for my assignments/artificial foot/FINAL_PROJECT_FEET/STM32f103c8_drivers/inc" -O0 -ffunction-sections -fdata-sections -Wall -fstack-usage -MMD -MP -MF"STM32f103c8_drivers/MPU6050.d" -MT"STM32f103c8_drivers/MPU6050.o" --specs=nano.specs -mfloat-abi=soft -mthumb -o "STM32f103c8_drivers/MPU6050.o"
arm-none-eabi-gcc "../STM32f103c8_drivers/STM32_I2C_DRIVER.c" -mcpu=cortex-m3 -std=gnu11 -g3 -DSTM32 -DSTM32F1 -DSTM32F103C8Tx -DDEBUG -c -I../Inc -I"C:/E/embedded/test/final simulation code for my assignments/artificial foot/FINAL_PROJECT_FEET/STM32f103c8_drivers/inc" -O0 -ffunction-sections -fdata-sections -Wall -fstack-usage -MMD -MP -MF"STM32f103c8_drivers/STM32_I2C_DRIVER.d" -MT"STM32f103c8_drivers/STM32_I2C_DRIVER.o" --specs=nano.specs -mfloat-abi=soft -mthumb -o "STM32f103c8_drivers/STM32_I2C_DRIVER.o"
arm-none-eabi-gcc "../STM32f103c8_drivers/STM32_TIMERS_DRIVER.c" -mcpu=cortex-m3 -std=gnu11 -g3 -DSTM32 -DSTM32F1 -DSTM32F103C8Tx -DDEBUG -c -I../Inc -I"C:/E/embedded/test/final simulation code for my assignments/artificial foot/FINAL_PROJECT_FEET/STM32f103c8_drivers/inc" -O0 -ffunction-sections -fdata-sections -Wall -fstack-usage -MMD -MP -MF"STM32f103c8_drivers/STM32_TIMERS_DRIVER.d" -MT"STM32f103c8_drivers/STM32_TIMERS_DRIVER.o" --specs=nano.specs -mfloat-abi=soft -mthumb -o "STM32f103c8_drivers/STM32_TIMERS_DRIVER.o"
arm-none-eabi-gcc "../STM32f103c8_drivers/keypad.c" -mcpu=cortex-m3 -std=gnu11 -g3 -DSTM32 -DSTM32F1 -DSTM32F103C8Tx -DDEBUG -c -I../Inc -I"C:/E/embedded/test/final simulation code for my assignments/artificial foot/FINAL_PROJECT_FEET/STM32f103c8_drivers/inc" -O0 -ffunction-sections -fdata-sections -Wall -fstack-usage -MMD -MP -MF"STM32f103c8_drivers/keypad.d" -MT"STM32f103c8_drivers/keypad.o" --specs=nano.specs -mfloat-abi=soft -mthumb -o "STM32f103c8_drivers/keypad.o"
arm-none-eabi-gcc "../STM32f103c8_drivers/stm32_speed_DRIVER.c" -mcpu=cortex-m3 -std=gnu11 -g3 -DSTM32 -DSTM32F1 -DSTM32F103C8Tx -DDEBUG -c -I../Inc -I"C:/E/embedded/test/final simulation code for my assignments/artificial foot/FINAL_PROJECT_FEET/STM32f103c8_drivers/inc" -O0 -ffunction-sections -fdata-sections -Wall -fstack-usage -MMD -MP -MF"STM32f103c8_drivers/stm32_speed_DRIVER.d" -MT"STM32f103c8_drivers/stm32_speed_DRIVER.o" --specs=nano.specs -mfloat-abi=soft -mthumb -o "STM32f103c8_drivers/stm32_speed_DRIVER.o"
arm-none-eabi-gcc "../STM32f103c8_drivers/stm32f103c6_ADC.c" -mcpu=cortex-m3 -std=gnu11 -g3 -DSTM32 -DSTM32F1 -DSTM32F103C8Tx -DDEBUG -c -I../Inc -I"C:/E/embedded/test/final simulation code for my assignments/artificial foot/FINAL_PROJECT_FEET/STM32f103c8_drivers/inc" -O0 -ffunction-sections -fdata-sections -Wall -fstack-usage -MMD -MP -MF"STM32f103c8_drivers/stm32f103c6_ADC.d" -MT"STM32f103c8_drivers/stm32f103c6_ADC.o" --specs=nano.specs -mfloat-abi=soft -mthumb -o "STM32f103c8_drivers/stm32f103c6_ADC.o"
../STM32f103c8_drivers/I2C_LCD.c: In function 'I2C_LCD_write_FLOATnumber':
../STM32f103c8_drivers/I2C_LCD.c:114:2: warning: implicit declaration of function 'gcvt' [-Wimplicit-function-declaration]
  gcvt(num,digit,text);
  ^~~~
../STM32f103c8_drivers/LCD.c: In function 'LCD_write_FLOATnumber':
../STM32f103c8_drivers/LCD.c:118:2: warning: implicit declaration of function 'gcvt' [-Wimplicit-function-declaration]
  gcvt(num,digit,text);
  ^~~~
../STM32f103c8_drivers/STM32_I2C_DRIVER.c: In function 'I2C_GetFlagStatus':
../STM32f103c8_drivers/STM32_I2C_DRIVER.c:119:20: warning: variable 'dummy_Read' set but not used [-Wunused-but-set-variable]
  volatile uint32_t dummy_Read;
                    ^~~~~~~~~~
arm-none-eabi-gcc "../STM32f103c8_drivers/stm32f103c6_ISR_DRIVER.c" -mcpu=cortex-m3 -std=gnu11 -g3 -DSTM32 -DSTM32F1 -DSTM32F103C8Tx -DDEBUG -c -I../Inc -I"C:/E/embedded/test/final simulation code for my assignments/artificial foot/FINAL_PROJECT_FEET/STM32f103c8_drivers/inc" -O0 -ffunction-sections -fdata-sections -Wall -fstack-usage -MMD -MP -MF"STM32f103c8_drivers/stm32f103c6_ISR_DRIVER.d" -MT"STM32f103c8_drivers/stm32f103c6_ISR_DRIVER.o" --specs=nano.specs -mfloat-abi=soft -mthumb -o "STM32f103c8_drivers/stm32f103c6_ISR_DRIVER.o"
arm-none-eabi-gcc "../STM32f103c8_drivers/stm32f103c6_SPI_DRIVER.c" -mcpu=cortex-m3 -std=gnu11 -g3 -DSTM32 -DSTM32F1 -DSTM32F103C8Tx -DDEBUG -c -I../Inc -I"C:/E/embedded/test/final simulation code for my assignments/artificial foot/FINAL_PROJECT_FEET/STM32f103c8_drivers/inc" -O0 -ffunction-sections -fdata-sections -Wall -fstack-usage -MMD -MP -MF"STM32f103c8_drivers/stm32f103c6_SPI_DRIVER.d" -MT"STM32f103c8_drivers/stm32f103c6_SPI_DRIVER.o" --specs=nano.specs -mfloat-abi=soft -mthumb -o "STM32f103c8_drivers/stm32f103c6_SPI_DRIVER.o"
arm-none-eabi-gcc "../STM32f103c8_drivers/stm32f103c6_USART_SRIVER.c" -mcpu=cortex-m3 -std=gnu11 -g3 -DSTM32 -DSTM32F1 -DSTM32F103C8Tx -DDEBUG -c -I../Inc -I"C:/E/embedded/test/final simulation code for my assignments/artificial foot/FINAL_PROJECT_FEET/STM32f103c8_drivers/inc" -O0 -ffunction-sections -fdata-sections -Wall -fstack-usage -MMD -MP -MF"STM32f103c8_drivers/stm32f103c6_USART_SRIVER.d" -MT"STM32f103c8_drivers/stm32f103c6_USART_SRIVER.o" --specs=nano.specs -mfloat-abi=soft -mthumb -o "STM32f103c8_drivers/stm32f103c6_USART_SRIVER.o"
../STM32f103c8_drivers/stm32f103c6_USART_SRIVER.c: In function 'USART1_IRQHandler':
../STM32f103c8_drivers/stm32f103c6_USART_SRIVER.c:272:22: warning: unused variable 'd' [-Wunused-variable]
    volatile uint16_t d=USART1->USART_DR;
                      ^
../STM32f103c8_drivers/stm32f103c6_USART_SRIVER.c:277:21: warning: unused variable 'w' [-Wunused-variable]
   volatile uint16_t w =USART1->USART_DR;
                     ^
../STM32f103c8_drivers/stm32f103c6_USART_SRIVER.c: In function 'USART2_IRQHandler':
../STM32f103c8_drivers/stm32f103c6_USART_SRIVER.c:353:22: warning: unused variable 'd' [-Wunused-variable]
    volatile uint16_t d =USART2->USART_DR;
                      ^
../STM32f103c8_drivers/stm32f103c6_USART_SRIVER.c:358:21: warning: unused variable 'w' [-Wunused-variable]
   volatile uint16_t w =USART2->USART_DR;
                     ^
../STM32f103c8_drivers/stm32f103c6_USART_SRIVER.c: In function 'USART3_IRQHandler':
../STM32f103c8_drivers/stm32f103c6_USART_SRIVER.c:434:22: warning: unused variable 'd' [-Wunused-variable]
    volatile uint16_t d =USART3->USART_DR;
                      ^
../STM32f103c8_drivers/stm32f103c6_USART_SRIVER.c:439:21: warning: unused variable 'w' [-Wunused-variable]
   volatile uint16_t w =USART3->USART_DR;
                     ^
arm-none-eabi-gcc -o "FINAL_PROJECT_FEET.elf" @"objects.list"   -mcpu=cortex-m3 -T"C:\E\embedded\test\final simulation code for my assignments\artificial foot\FINAL_PROJECT_FEET\STM32F103C8TX_FLASH.ld" --specs=nosys.specs -Wl,-Map="FINAL_PROJECT_FEET.map" -Wl,--gc-sections -static --specs=nano.specs -mfloat-abi=soft -mthumb -Wl,--start-group -lc -lm -Wl,--end-group
Finished building target: FINAL_PROJECT_FEET.elf
 
arm-none-eabi-size   FINAL_PROJECT_FEET.elf 
arm-none-eabi-objdump -h -S  FINAL_PROJECT_FEET.elf  > "FINAL_PROJECT_FEET.list"
arm-none-eabi-objcopy  -O binary  FINAL_PROJECT_FEET.elf  "FINAL_PROJECT_FEET.bin"
   text	   data	    bss	    dec	    hex	filename
   3208	     40	   1712	   4960	   1360	FINAL_PROJECT_FEET.elf
Finished building: default.size.stdout
 
Finished building: FINAL_PROJECT_FEET.list
Finished building: FINAL_PROJECT_FEET.bin
 
 
19:22:29 **** Incremental Build of configuration Debug for project FINAL_PROJECT_FEET ****
make -j16 all 
arm-none-eabi-gcc "../Src/main.c" -mcpu=cortex-m3 -std=gnu11 -g3 -DSTM32 -DSTM32F1 -DSTM32F103C8Tx -DDEBUG -c -I../Inc -I"C:/E/embedded/test/final simulation code for my assignments/artificial foot/FINAL_PROJECT_FEET/STM32f103c8_drivers/inc" -O0 -ffunction-sections -fdata-sections -Wall -fstack-usage -MMD -MP -MF"Src/main.d" -MT"Src/main.o" --specs=nano.specs -mfloat-abi=soft -mthumb -o "Src/main.o"
arm-none-eabi-gcc -o "FINAL_PROJECT_FEET.elf" @"objects.list"   -mcpu=cortex-m3 -T"C:\E\embedded\test\final simulation code for my assignments\artificial foot\FINAL_PROJECT_FEET\STM32F103C8TX_FLASH.ld" --specs=nosys.specs -Wl,-Map="FINAL_PROJECT_FEET.map" -Wl,--gc-sections -static --specs=nano.specs -mfloat-abi=soft -mthumb -Wl,--start-group -lc -lm -Wl,--end-group
Finished building target: FINAL_PROJECT_FEET.elf
 
arm-none-eabi-objdump -h -S  FINAL_PROJECT_FEET.elf  > "FINAL_PROJECT_FEET.list"
arm-none-eabi-objcopy  -O binary  FINAL_PROJECT_FEET.elf  "FINAL_PROJECT_FEET.bin"
arm-none-eabi-size   FINAL_PROJECT_FEET.elf 
   text	   data	    bss	    dec	    hex	filename
   5980	     40	   1712	   7732	   1e34	FINAL_PROJECT_FEET.elf
Finished building: default.size.stdout
 
Finished building: FINAL_PROJECT_FEET.bin
Finished building: FINAL_PROJECT_FEET.list
 
 
19:23:12 **** Incremental Build of configuration Debug for project FINAL_PROJECT_FEET ****
make -j16 all 
arm-none-eabi-gcc -o "FINAL_PROJECT_FEET.axf" @"objects.list"   -mcpu=cortex-m3 -T"C:\E\embedded\test\final simulation code for my assignments\artificial foot\FINAL_PROJECT_FEET\STM32F103C8TX_FLASH.ld" --specs=nosys.specs -Wl,-Map="FINAL_PROJECT_FEET.map" -Wl,--gc-sections -static --specs=nano.specs -mfloat-abi=soft -mthumb -Wl,--start-group -lc -lm -Wl,--end-group
Finished building target: FINAL_PROJECT_FEET.axf
 
arm-none-eabi-objdump -h -S  FINAL_PROJECT_FEET.axf  > "FINAL_PROJECT_FEET.list"
arm-none-eabi-objcopy  -O binary  FINAL_PROJECT_FEET.axf  "FINAL_PROJECT_FEET.bin"
arm-none-eabi-size   FINAL_PROJECT_FEET.axf 
   text	   data	    bss	    dec	    hex	filename
   5980	     40	   1712	   7732	   1e34	FINAL_PROJECT_FEET.axf
Finished building: default.size.stdout
 
Finished building: FINAL_PROJECT_FEET.bin
 
Finished building: FINAL_PROJECT_FEET.list
 
19:25:55 **** Incremental Build of configuration Debug for project FINAL_PROJECT_FEET ****
make -j16 all 
arm-none-eabi-gcc "../Src/main.c" -mcpu=cortex-m3 -std=gnu11 -g3 -DSTM32 -DSTM32F1 -DSTM32F103C8Tx -DDEBUG -c -I../Inc -I"C:/E/embedded/test/final simulation code for my assignments/artificial foot/FINAL_PROJECT_FEET/STM32f103c8_drivers/inc" -O0 -ffunction-sections -fdata-sections -Wall -fstack-usage -MMD -MP -MF"Src/main.d" -MT"Src/main.o" --specs=nano.specs -mfloat-abi=soft -mthumb -o "Src/main.o"
arm-none-eabi-gcc -o "FINAL_PROJECT_FEET.axf" @"objects.list"   -mcpu=cortex-m3 -T"C:\E\embedded\test\final simulation code for my assignments\artificial foot\FINAL_PROJECT_FEET\STM32F103C8TX_FLASH.ld" --specs=nosys.specs -Wl,-Map="FINAL_PROJECT_FEET.map" -Wl,--gc-sections -static --specs=nano.specs -mfloat-abi=soft -mthumb -Wl,--start-group -lc -lm -Wl,--end-group
Finished building target: FINAL_PROJECT_FEET.axf
 
arm-none-eabi-objdump -h -S  FINAL_PROJECT_FEET.axf  > "FINAL_PROJECT_FEET.list"
arm-none-eabi-objcopy  -O binary  FINAL_PROJECT_FEET.axf  "FINAL_PROJECT_FEET.bin"
arm-none-eabi-size   FINAL_PROJECT_FEET.axf 
   text	   data	    bss	    dec	    hex	filename
   5980	     40	   1712	   7732	   1e34	FINAL_PROJECT_FEET.axf
Finished building: default.size.stdout
 
Finished building: FINAL_PROJECT_FEET.bin
Finished building: FINAL_PROJECT_FEET.list
 
 
19:26:05 **** Incremental Build of configuration Debug for project FINAL_PROJECT_FEET ****
make -j16 all 
arm-none-eabi-gcc "../Src/main.c" -mcpu=cortex-m3 -std=gnu11 -g3 -DSTM32 -DSTM32F1 -DSTM32F103C8Tx -DDEBUG -c -I../Inc -I"C:/E/embedded/test/final simulation code for my assignments/artificial foot/FINAL_PROJECT_FEET/STM32f103c8_drivers/inc" -O0 -ffunction-sections -fdata-sections -Wall -fstack-usage -MMD -MP -MF"Src/main.d" -MT"Src/main.o" --specs=nano.specs -mfloat-abi=soft -mthumb -o "Src/main.o"
arm-none-eabi-gcc -o "FINAL_PROJECT_FEET.axf" @"objects.list"   -mcpu=cortex-m3 -T"C:\E\embedded\test\final simulation code for my assignments\artificial foot\FINAL_PROJECT_FEET\STM32F103C8TX_FLASH.ld" --specs=nosys.specs -Wl,-Map="FINAL_PROJECT_FEET.map" -Wl,--gc-sections -static --specs=nano.specs -mfloat-abi=soft -mthumb -Wl,--start-group -lc -lm -Wl,--end-group
Finished building target: FINAL_PROJECT_FEET.axf
 
arm-none-eabi-objdump -h -S  FINAL_PROJECT_FEET.axf  > "FINAL_PROJECT_FEET.list"
arm-none-eabi-objcopy  -O binary  FINAL_PROJECT_FEET.axf  "FINAL_PROJECT_FEET.bin"
arm-none-eabi-size   FINAL_PROJECT_FEET.axf 
   text	   data	    bss	    dec	    hex	filename
   5980	     40	   1712	   7732	   1e34	FINAL_PROJECT_FEET.axf
Finished building: default.size.stdout
 
Finished building: FINAL_PROJECT_FEET.bin
 
Finished building: FINAL_PROJECT_FEET.list
 
19:33:19 **** Incremental Build of configuration Debug for project FINAL_PROJECT_FEET ****
make -j16 all 
arm-none-eabi-gcc "../Src/main.c" -mcpu=cortex-m3 -std=gnu11 -g3 -DSTM32 -DSTM32F1 -DSTM32F103C8Tx -DDEBUG -c -I../Inc -I"C:/E/embedded/test/final simulation code for my assignments/artificial foot/FINAL_PROJECT_FEET/STM32f103c8_drivers/inc" -O0 -ffunction-sections -fdata-sections -Wall -fstack-usage -MMD -MP -MF"Src/main.d" -MT"Src/main.o" --specs=nano.specs -mfloat-abi=soft -mthumb -o "Src/main.o"
arm-none-eabi-gcc -o "FINAL_PROJECT_FEET.axf" @"objects.list"   -mcpu=cortex-m3 -T"C:\E\embedded\test\final simulation code for my assignments\artificial foot\FINAL_PROJECT_FEET\STM32F103C8TX_FLASH.ld" --specs=nosys.specs -Wl,-Map="FINAL_PROJECT_FEET.map" -Wl,--gc-sections -static --specs=nano.specs -mfloat-abi=soft -mthumb -Wl,--start-group -lc -lm -Wl,--end-group
Finished building target: FINAL_PROJECT_FEET.axf
 
arm-none-eabi-objdump -h -S  FINAL_PROJECT_FEET.axf  > "FINAL_PROJECT_FEET.list"
arm-none-eabi-objcopy  -O binary  FINAL_PROJECT_FEET.axf  "FINAL_PROJECT_FEET.bin"
arm-none-eabi-size   FINAL_PROJECT_FEET.axf 
   text	   data	    bss	    dec	    hex	filename
   6720	     40	   1712	   8472	   2118	FINAL_PROJECT_FEET.axf
Finished building: default.size.stdout
 
Finished building: FINAL_PROJECT_FEET.bin
 
Finished building: FINAL_PROJECT_FEET.list
 
19:34:15 **** Incremental Build of configuration Debug for project FINAL_PROJECT_FEET ****
make -j16 all 
arm-none-eabi-gcc "../Src/main.c" -mcpu=cortex-m3 -std=gnu11 -g3 -DSTM32 -DSTM32F1 -DSTM32F103C8Tx -DDEBUG -c -I../Inc -I"C:/E/embedded/test/final simulation code for my assignments/artificial foot/FINAL_PROJECT_FEET/STM32f103c8_drivers/inc" -O0 -ffunction-sections -fdata-sections -Wall -fstack-usage -MMD -MP -MF"Src/main.d" -MT"Src/main.o" --specs=nano.specs -mfloat-abi=soft -mthumb -o "Src/main.o"
arm-none-eabi-gcc -o "FINAL_PROJECT_FEET.axf" @"objects.list"   -mcpu=cortex-m3 -T"C:\E\embedded\test\final simulation code for my assignments\artificial foot\FINAL_PROJECT_FEET\STM32F103C8TX_FLASH.ld" --specs=nosys.specs -Wl,-Map="FINAL_PROJECT_FEET.map" -Wl,--gc-sections -static --specs=nano.specs -mfloat-abi=soft -mthumb -Wl,--start-group -lc -lm -Wl,--end-group
Finished building target: FINAL_PROJECT_FEET.axf
 
arm-none-eabi-objdump -h -S  FINAL_PROJECT_FEET.axf  > "FINAL_PROJECT_FEET.list"
arm-none-eabi-objcopy  -O binary  FINAL_PROJECT_FEET.axf  "FINAL_PROJECT_FEET.bin"
arm-none-eabi-size   FINAL_PROJECT_FEET.axf 
   text	   data	    bss	    dec	    hex	filename
   6720	     40	   1712	   8472	   2118	FINAL_PROJECT_FEET.axf
Finished building: default.size.stdout
 
Finished building: FINAL_PROJECT_FEET.bin
 
Finished building: FINAL_PROJECT_FEET.list
 
19:34:39 **** Incremental Build of configuration Debug for project FINAL_PROJECT_FEET ****
make -j16 all 
arm-none-eabi-gcc "../Src/main.c" -mcpu=cortex-m3 -std=gnu11 -g3 -DSTM32 -DSTM32F1 -DSTM32F103C8Tx -DDEBUG -c -I../Inc -I"C:/E/embedded/test/final simulation code for my assignments/artificial foot/FINAL_PROJECT_FEET/STM32f103c8_drivers/inc" -O0 -ffunction-sections -fdata-sections -Wall -fstack-usage -MMD -MP -MF"Src/main.d" -MT"Src/main.o" --specs=nano.specs -mfloat-abi=soft -mthumb -o "Src/main.o"
arm-none-eabi-gcc -o "FINAL_PROJECT_FEET.axf" @"objects.list"   -mcpu=cortex-m3 -T"C:\E\embedded\test\final simulation code for my assignments\artificial foot\FINAL_PROJECT_FEET\STM32F103C8TX_FLASH.ld" --specs=nosys.specs -Wl,-Map="FINAL_PROJECT_FEET.map" -Wl,--gc-sections -static --specs=nano.specs -mfloat-abi=soft -mthumb -Wl,--start-group -lc -lm -Wl,--end-group
Finished building target: FINAL_PROJECT_FEET.axf
 
arm-none-eabi-objdump -h -S  FINAL_PROJECT_FEET.axf  > "FINAL_PROJECT_FEET.list"
arm-none-eabi-objcopy  -O binary  FINAL_PROJECT_FEET.axf  "FINAL_PROJECT_FEET.bin"
arm-none-eabi-size   FINAL_PROJECT_FEET.axf 
   text	   data	    bss	    dec	    hex	filename
   6720	     40	   1712	   8472	   2118	FINAL_PROJECT_FEET.axf
Finished building: default.size.stdout
 
Finished building: FINAL_PROJECT_FEET.bin
 
Finished building: FINAL_PROJECT_FEET.list
 
19:35:14 **** Incremental Build of configuration Debug for project FINAL_PROJECT_FEET ****
make -j16 all 
arm-none-eabi-gcc "../Src/main.c" -mcpu=cortex-m3 -std=gnu11 -g3 -DSTM32 -DSTM32F1 -DSTM32F103C8Tx -DDEBUG -c -I../Inc -I"C:/E/embedded/test/final simulation code for my assignments/artificial foot/FINAL_PROJECT_FEET/STM32f103c8_drivers/inc" -O0 -ffunction-sections -fdata-sections -Wall -fstack-usage -MMD -MP -MF"Src/main.d" -MT"Src/main.o" --specs=nano.specs -mfloat-abi=soft -mthumb -o "Src/main.o"
arm-none-eabi-gcc -o "FINAL_PROJECT_FEET.axf" @"objects.list"   -mcpu=cortex-m3 -T"C:\E\embedded\test\final simulation code for my assignments\artificial foot\FINAL_PROJECT_FEET\STM32F103C8TX_FLASH.ld" --specs=nosys.specs -Wl,-Map="FINAL_PROJECT_FEET.map" -Wl,--gc-sections -static --specs=nano.specs -mfloat-abi=soft -mthumb -Wl,--start-group -lc -lm -Wl,--end-group
Finished building target: FINAL_PROJECT_FEET.axf
 
arm-none-eabi-objdump -h -S  FINAL_PROJECT_FEET.axf  > "FINAL_PROJECT_FEET.list"
arm-none-eabi-objcopy  -O binary  FINAL_PROJECT_FEET.axf  "FINAL_PROJECT_FEET.bin"
arm-none-eabi-size   FINAL_PROJECT_FEET.axf 
   text	   data	    bss	    dec	    hex	filename
   6720	     40	   1712	   8472	   2118	FINAL_PROJECT_FEET.axf
Finished building: default.size.stdout
Finished building: FINAL_PROJECT_FEET.bin
 
Finished building: FINAL_PROJECT_FEET.list
 
 
19:35:36 **** Incremental Build of configuration Debug for project FINAL_PROJECT_FEET ****
make -j16 all 
arm-none-eabi-gcc "../Src/main.c" -mcpu=cortex-m3 -std=gnu11 -g3 -DSTM32 -DSTM32F1 -DSTM32F103C8Tx -DDEBUG -c -I../Inc -I"C:/E/embedded/test/final simulation code for my assignments/artificial foot/FINAL_PROJECT_FEET/STM32f103c8_drivers/inc" -O0 -ffunction-sections -fdata-sections -Wall -fstack-usage -MMD -MP -MF"Src/main.d" -MT"Src/main.o" --specs=nano.specs -mfloat-abi=soft -mthumb -o "Src/main.o"
arm-none-eabi-gcc -o "FINAL_PROJECT_FEET.axf" @"objects.list"   -mcpu=cortex-m3 -T"C:\E\embedded\test\final simulation code for my assignments\artificial foot\FINAL_PROJECT_FEET\STM32F103C8TX_FLASH.ld" --specs=nosys.specs -Wl,-Map="FINAL_PROJECT_FEET.map" -Wl,--gc-sections -static --specs=nano.specs -mfloat-abi=soft -mthumb -Wl,--start-group -lc -lm -Wl,--end-group
Finished building target: FINAL_PROJECT_FEET.axf
 
arm-none-eabi-objdump -h -S  FINAL_PROJECT_FEET.axf  > "FINAL_PROJECT_FEET.list"
arm-none-eabi-objcopy  -O binary  FINAL_PROJECT_FEET.axf  "FINAL_PROJECT_FEET.bin"
arm-none-eabi-size   FINAL_PROJECT_FEET.axf 
   text	   data	    bss	    dec	    hex	filename
   6720	     40	   1712	   8472	   2118	FINAL_PROJECT_FEET.axf
Finished building: default.size.stdout
 
Finished building: FINAL_PROJECT_FEET.bin
Finished building: FINAL_PROJECT_FEET.list
 
 
19:38:35 **** Incremental Build of configuration Debug for project FINAL_PROJECT_FEET ****
make -j16 all 
arm-none-eabi-gcc "../Src/main.c" -mcpu=cortex-m3 -std=gnu11 -g3 -DSTM32 -DSTM32F1 -DSTM32F103C8Tx -DDEBUG -c -I../Inc -I"C:/E/embedded/test/final simulation code for my assignments/artificial foot/FINAL_PROJECT_FEET/STM32f103c8_drivers/inc" -O0 -ffunction-sections -fdata-sections -Wall -fstack-usage -MMD -MP -MF"Src/main.d" -MT"Src/main.o" --specs=nano.specs -mfloat-abi=soft -mthumb -o "Src/main.o"
arm-none-eabi-gcc -o "FINAL_PROJECT_FEET.axf" @"objects.list"   -mcpu=cortex-m3 -T"C:\E\embedded\test\final simulation code for my assignments\artificial foot\FINAL_PROJECT_FEET\STM32F103C8TX_FLASH.ld" --specs=nosys.specs -Wl,-Map="FINAL_PROJECT_FEET.map" -Wl,--gc-sections -static --specs=nano.specs -mfloat-abi=soft -mthumb -Wl,--start-group -lc -lm -Wl,--end-group
Finished building target: FINAL_PROJECT_FEET.axf
 
arm-none-eabi-objdump -h -S  FINAL_PROJECT_FEET.axf  > "FINAL_PROJECT_FEET.list"
arm-none-eabi-objcopy  -O binary  FINAL_PROJECT_FEET.axf  "FINAL_PROJECT_FEET.bin"
arm-none-eabi-size   FINAL_PROJECT_FEET.axf 
   text	   data	    bss	    dec	    hex	filename
   6720	     40	   1712	   8472	   2118	FINAL_PROJECT_FEET.axf
Finished building: default.size.stdout
 
Finished building: FINAL_PROJECT_FEET.bin
 
Finished building: FINAL_PROJECT_FEET.list
 
19:46:22 **** Incremental Build of configuration Debug for project FINAL_PROJECT_FEET ****
make -j16 all 
arm-none-eabi-gcc "../Src/main.c" -mcpu=cortex-m3 -std=gnu11 -g3 -DSTM32 -DSTM32F1 -DSTM32F103C8Tx -DDEBUG -c -I../Inc -I"C:/E/embedded/test/final simulation code for my assignments/artificial foot/FINAL_PROJECT_FEET/STM32f103c8_drivers/inc" -O0 -ffunction-sections -fdata-sections -Wall -fstack-usage -MMD -MP -MF"Src/main.d" -MT"Src/main.o" --specs=nano.specs -mfloat-abi=soft -mthumb -o "Src/main.o"
../Src/main.c: In function 'main':
../Src/main.c:46:2: warning: implicit declaration of function 'USART_INIT'; did you mean 'ADC_INIT'? [-Wimplicit-function-declaration]
  USART_INIT(USART1, mode_RX_TX_ENABLE, word_length_8, stop_bits_1, baud_rate_9600, parity_none,clk);
  ^~~~~~~~~~
  ADC_INIT
../Src/main.c:46:21: error: 'mode_RX_TX_ENABLE' undeclared (first use in this function)
  USART_INIT(USART1, mode_RX_TX_ENABLE, word_length_8, stop_bits_1, baud_rate_9600, parity_none,clk);
                     ^~~~~~~~~~~~~~~~~
../Src/main.c:46:21: note: each undeclared identifier is reported only once for each function it appears in
../Src/main.c:46:40: error: 'word_length_8' undeclared (first use in this function)
  USART_INIT(USART1, mode_RX_TX_ENABLE, word_length_8, stop_bits_1, baud_rate_9600, parity_none,clk);
                                        ^~~~~~~~~~~~~
../Src/main.c:46:55: error: 'stop_bits_1' undeclared (first use in this function)
  USART_INIT(USART1, mode_RX_TX_ENABLE, word_length_8, stop_bits_1, baud_rate_9600, parity_none,clk);
                                                       ^~~~~~~~~~~
../Src/main.c:46:68: error: 'baud_rate_9600' undeclared (first use in this function)
  USART_INIT(USART1, mode_RX_TX_ENABLE, word_length_8, stop_bits_1, baud_rate_9600, parity_none,clk);
                                                                    ^~~~~~~~~~~~~~
../Src/main.c:46:84: error: 'parity_none' undeclared (first use in this function)
  USART_INIT(USART1, mode_RX_TX_ENABLE, word_length_8, stop_bits_1, baud_rate_9600, parity_none,clk);
                                                                                    ^~~~~~~~~~~
../Src/main.c:52:3: warning: implicit declaration of function 'USART_SEND_STRING' [-Wimplicit-function-declaration]
   USART_SEND_STRING(USART1,"\n ");
   ^~~~~~~~~~~~~~~~~
make: *** [Src/subdir.mk:24: Src/main.o] Error 1
"make -j16 all" terminated with exit code 2. Build might be incomplete.
19:46:53 **** Incremental Build of configuration Debug for project FINAL_PROJECT_FEET ****
make -j16 all 
arm-none-eabi-gcc "../Src/main.c" -mcpu=cortex-m3 -std=gnu11 -g3 -DSTM32 -DSTM32F1 -DSTM32F103C8Tx -DDEBUG -c -I../Inc -I"C:/E/embedded/test/final simulation code for my assignments/artificial foot/FINAL_PROJECT_FEET/STM32f103c8_drivers/inc" -O0 -ffunction-sections -fdata-sections -Wall -fstack-usage -MMD -MP -MF"Src/main.d" -MT"Src/main.o" --specs=nano.specs -mfloat-abi=soft -mthumb -o "Src/main.o"
../Src/main.c: In function 'main':
../Src/main.c:53:28: warning: pointer targets in passing argument 2 of 'USART_SEND_STRING' differ in signedness [-Wpointer-sign]
   USART_SEND_STRING(USART1,"\n ");
                            ^~~~~
In file included from ../Src/main.c:11:0:
C:/E/embedded/test/final simulation code for my assignments/artificial foot/FINAL_PROJECT_FEET/STM32f103c8_drivers/inc/stm32f103c6_USART_SRIVER.h:114:6: note: expected 'uint8_t * {aka unsigned char *}' but argument is of type 'char *'
 void USART_SEND_STRING(USART_typeDef* USARTx,uint8_t* data);
      ^~~~~~~~~~~~~~~~~
../Src/main.c:56:28: warning: pointer targets in passing argument 2 of 'USART_SEND_STRING' differ in signedness [-Wpointer-sign]
   USART_SEND_STRING(USART1,text);
                            ^~~~
In file included from ../Src/main.c:11:0:
C:/E/embedded/test/final simulation code for my assignments/artificial foot/FINAL_PROJECT_FEET/STM32f103c8_drivers/inc/stm32f103c6_USART_SRIVER.h:114:6: note: expected 'uint8_t * {aka unsigned char *}' but argument is of type 'char *'
 void USART_SEND_STRING(USART_typeDef* USARTx,uint8_t* data);
      ^~~~~~~~~~~~~~~~~
arm-none-eabi-gcc -o "FINAL_PROJECT_FEET.axf" @"objects.list"   -mcpu=cortex-m3 -T"C:\E\embedded\test\final simulation code for my assignments\artificial foot\FINAL_PROJECT_FEET\STM32F103C8TX_FLASH.ld" --specs=nosys.specs -Wl,-Map="FINAL_PROJECT_FEET.map" -Wl,--gc-sections -static --specs=nano.specs -mfloat-abi=soft -mthumb -Wl,--start-group -lc -lm -Wl,--end-group
Finished building target: FINAL_PROJECT_FEET.axf
 
arm-none-eabi-objdump -h -S  FINAL_PROJECT_FEET.axf  > "FINAL_PROJECT_FEET.list"
arm-none-eabi-objcopy  -O binary  FINAL_PROJECT_FEET.axf  "FINAL_PROJECT_FEET.bin"
arm-none-eabi-size   FINAL_PROJECT_FEET.axf 
   text	   data	    bss	    dec	    hex	filename
  12048	    140	   1740	  13928	   3668	FINAL_PROJECT_FEET.axf
Finished building: default.size.stdout
 
Finished building: FINAL_PROJECT_FEET.bin
 
Finished building: FINAL_PROJECT_FEET.list
 
19:54:46 **** Incremental Build of configuration Debug for project FINAL_PROJECT_FEET ****
make -j16 all 
arm-none-eabi-size   FINAL_PROJECT_FEET.axf 
   text	   data	    bss	    dec	    hex	filename
  12048	    140	   1740	  13928	   3668	FINAL_PROJECT_FEET.axf
Finished building: default.size.stdout
 
19:56:17 **** Incremental Build of configuration Debug for project FINAL_PROJECT_FEET ****
make -j16 all 
arm-none-eabi-gcc "../Src/main.c" -mcpu=cortex-m3 -std=gnu11 -g3 -DSTM32 -DSTM32F1 -DSTM32F103C8Tx -DDEBUG -c -I../Inc -I"C:/E/embedded/test/final simulation code for my assignments/artificial foot/FINAL_PROJECT_FEET/STM32f103c8_drivers/inc" -O0 -ffunction-sections -fdata-sections -Wall -fstack-usage -MMD -MP -MF"Src/main.d" -MT"Src/main.o" --specs=nano.specs -mfloat-abi=soft -mthumb -o "Src/main.o"
../Src/main.c: In function 'main':
../Src/main.c:53:28: warning: pointer targets in passing argument 2 of 'USART_SEND_STRING' differ in signedness [-Wpointer-sign]
   USART_SEND_STRING(USART1,"\n ");
                            ^~~~~
In file included from ../Src/main.c:11:0:
C:/E/embedded/test/final simulation code for my assignments/artificial foot/FINAL_PROJECT_FEET/STM32f103c8_drivers/inc/stm32f103c6_USART_SRIVER.h:114:6: note: expected 'uint8_t * {aka unsigned char *}' but argument is of type 'char *'
 void USART_SEND_STRING(USART_typeDef* USARTx,uint8_t* data);
      ^~~~~~~~~~~~~~~~~
../Src/main.c:56:28: warning: pointer targets in passing argument 2 of 'USART_SEND_STRING' differ in signedness [-Wpointer-sign]
   USART_SEND_STRING(USART1,text);
                            ^~~~
In file included from ../Src/main.c:11:0:
C:/E/embedded/test/final simulation code for my assignments/artificial foot/FINAL_PROJECT_FEET/STM32f103c8_drivers/inc/stm32f103c6_USART_SRIVER.h:114:6: note: expected 'uint8_t * {aka unsigned char *}' but argument is of type 'char *'
 void USART_SEND_STRING(USART_typeDef* USARTx,uint8_t* data);
      ^~~~~~~~~~~~~~~~~
arm-none-eabi-gcc -o "FINAL_PROJECT_FEET.axf" @"objects.list"   -mcpu=cortex-m3 -T"C:\E\embedded\test\final simulation code for my assignments\artificial foot\FINAL_PROJECT_FEET\STM32F103C8TX_FLASH.ld" --specs=nosys.specs -Wl,-Map="FINAL_PROJECT_FEET.map" -Wl,--gc-sections -static --specs=nano.specs -mfloat-abi=soft -mthumb -Wl,--start-group -lc -lm -Wl,--end-group
Finished building target: FINAL_PROJECT_FEET.axf
 
arm-none-eabi-objdump -h -S  FINAL_PROJECT_FEET.axf  > "FINAL_PROJECT_FEET.list"
arm-none-eabi-objcopy  -O binary  FINAL_PROJECT_FEET.axf  "FINAL_PROJECT_FEET.bin"
arm-none-eabi-size   FINAL_PROJECT_FEET.axf 
   text	   data	    bss	    dec	    hex	filename
  12048	    140	   1740	  13928	   3668	FINAL_PROJECT_FEET.axf
Finished building: default.size.stdout
 
Finished building: FINAL_PROJECT_FEET.bin
 
Finished building: FINAL_PROJECT_FEET.list
 
20:00:22 **** Incremental Build of configuration Debug for project FINAL_PROJECT_FEET ****
make -j16 all 
arm-none-eabi-gcc "../Src/main.c" -mcpu=cortex-m3 -std=gnu11 -g3 -DSTM32 -DSTM32F1 -DSTM32F103C8Tx -DDEBUG -c -I../Inc -I"C:/E/embedded/test/final simulation code for my assignments/artificial foot/FINAL_PROJECT_FEET/STM32f103c8_drivers/inc" -O0 -ffunction-sections -fdata-sections -Wall -fstack-usage -MMD -MP -MF"Src/main.d" -MT"Src/main.o" --specs=nano.specs -mfloat-abi=soft -mthumb -o "Src/main.o"
../Src/main.c: In function 'main':
../Src/main.c:53:28: warning: pointer targets in passing argument 2 of 'USART_SEND_STRING' differ in signedness [-Wpointer-sign]
   USART_SEND_STRING(USART1,"\n ");
                            ^~~~~
In file included from ../Src/main.c:11:0:
C:/E/embedded/test/final simulation code for my assignments/artificial foot/FINAL_PROJECT_FEET/STM32f103c8_drivers/inc/stm32f103c6_USART_SRIVER.h:114:6: note: expected 'uint8_t * {aka unsigned char *}' but argument is of type 'char *'
 void USART_SEND_STRING(USART_typeDef* USARTx,uint8_t* data);
      ^~~~~~~~~~~~~~~~~
../Src/main.c:56:28: warning: pointer targets in passing argument 2 of 'USART_SEND_STRING' differ in signedness [-Wpointer-sign]
   USART_SEND_STRING(USART1,text);
                            ^~~~
In file included from ../Src/main.c:11:0:
C:/E/embedded/test/final simulation code for my assignments/artificial foot/FINAL_PROJECT_FEET/STM32f103c8_drivers/inc/stm32f103c6_USART_SRIVER.h:114:6: note: expected 'uint8_t * {aka unsigned char *}' but argument is of type 'char *'
 void USART_SEND_STRING(USART_typeDef* USARTx,uint8_t* data);
      ^~~~~~~~~~~~~~~~~
arm-none-eabi-gcc -o "FINAL_PROJECT_FEET.axf" @"objects.list"   -mcpu=cortex-m3 -T"C:\E\embedded\test\final simulation code for my assignments\artificial foot\FINAL_PROJECT_FEET\STM32F103C8TX_FLASH.ld" --specs=nosys.specs -Wl,-Map="FINAL_PROJECT_FEET.map" -Wl,--gc-sections -static --specs=nano.specs -mfloat-abi=soft -mthumb -Wl,--start-group -lc -lm -Wl,--end-group
Finished building target: FINAL_PROJECT_FEET.axf
 
arm-none-eabi-objdump -h -S  FINAL_PROJECT_FEET.axf  > "FINAL_PROJECT_FEET.list"
arm-none-eabi-objcopy  -O binary  FINAL_PROJECT_FEET.axf  "FINAL_PROJECT_FEET.bin"
arm-none-eabi-size   FINAL_PROJECT_FEET.axf 
   text	   data	    bss	    dec	    hex	filename
  12048	    140	   1740	  13928	   3668	FINAL_PROJECT_FEET.axf
Finished building: default.size.stdout
 
Finished building: FINAL_PROJECT_FEET.bin
 
Finished building: FINAL_PROJECT_FEET.list
 
20:07:29 **** Incremental Build of configuration Debug for project FINAL_PROJECT_FEET ****
make -j16 all 
arm-none-eabi-gcc "../Src/main.c" -mcpu=cortex-m3 -std=gnu11 -g3 -DSTM32 -DSTM32F1 -DSTM32F103C8Tx -DDEBUG -c -I../Inc -I"C:/E/embedded/test/final simulation code for my assignments/artificial foot/FINAL_PROJECT_FEET/STM32f103c8_drivers/inc" -O0 -ffunction-sections -fdata-sections -Wall -fstack-usage -MMD -MP -MF"Src/main.d" -MT"Src/main.o" --specs=nano.specs -mfloat-abi=soft -mthumb -o "Src/main.o"
../Src/main.c: In function 'main':
../Src/main.c:38:28: warning: pointer targets in passing argument 2 of 'USART_SEND_STRING' differ in signedness [-Wpointer-sign]
   USART_SEND_STRING(USART1,"\n ");
                            ^~~~~
In file included from ../Src/main.c:11:0:
C:/E/embedded/test/final simulation code for my assignments/artificial foot/FINAL_PROJECT_FEET/STM32f103c8_drivers/inc/stm32f103c6_USART_SRIVER.h:114:6: note: expected 'uint8_t * {aka unsigned char *}' but argument is of type 'char *'
 void USART_SEND_STRING(USART_typeDef* USARTx,uint8_t* data);
      ^~~~~~~~~~~~~~~~~
../Src/main.c:41:28: warning: pointer targets in passing argument 2 of 'USART_SEND_STRING' differ in signedness [-Wpointer-sign]
   USART_SEND_STRING(USART1,text);
                            ^~~~
In file included from ../Src/main.c:11:0:
C:/E/embedded/test/final simulation code for my assignments/artificial foot/FINAL_PROJECT_FEET/STM32f103c8_drivers/inc/stm32f103c6_USART_SRIVER.h:114:6: note: expected 'uint8_t * {aka unsigned char *}' but argument is of type 'char *'
 void USART_SEND_STRING(USART_typeDef* USARTx,uint8_t* data);
      ^~~~~~~~~~~~~~~~~
arm-none-eabi-gcc -o "FINAL_PROJECT_FEET.axf" @"objects.list"   -mcpu=cortex-m3 -T"C:\E\embedded\test\final simulation code for my assignments\artificial foot\FINAL_PROJECT_FEET\STM32F103C8TX_FLASH.ld" --specs=nosys.specs -Wl,-Map="FINAL_PROJECT_FEET.map" -Wl,--gc-sections -static --specs=nano.specs -mfloat-abi=soft -mthumb -Wl,--start-group -lc -lm -Wl,--end-group
Finished building target: FINAL_PROJECT_FEET.axf
 
arm-none-eabi-objdump -h -S  FINAL_PROJECT_FEET.axf  > "FINAL_PROJECT_FEET.list"
arm-none-eabi-objcopy  -O binary  FINAL_PROJECT_FEET.axf  "FINAL_PROJECT_FEET.bin"
arm-none-eabi-size   FINAL_PROJECT_FEET.axf 
   text	   data	    bss	    dec	    hex	filename
  11964	    140	   1732	  13836	   360c	FINAL_PROJECT_FEET.axf
Finished building: default.size.stdout
 
Finished building: FINAL_PROJECT_FEET.bin
 
Finished building: FINAL_PROJECT_FEET.list
 
20:22:29 **** Incremental Build of configuration Debug for project FINAL_PROJECT_FEET ****
make -j16 all 
arm-none-eabi-gcc "../Src/main.c" -mcpu=cortex-m3 -std=gnu11 -g3 -DSTM32 -DSTM32F1 -DSTM32F103C8Tx -DDEBUG -c -I../Inc -I"C:/E/embedded/test/final simulation code for my assignments/artificial foot/FINAL_PROJECT_FEET/STM32f103c8_drivers/inc" -O0 -ffunction-sections -fdata-sections -Wall -fstack-usage -MMD -MP -MF"Src/main.d" -MT"Src/main.o" --specs=nano.specs -mfloat-abi=soft -mthumb -o "Src/main.o"
../Src/main.c: In function 'main':
../Src/main.c:37:15: error: 'f1' undeclared (first use in this function)
   if((X<200)&&f1==0){
               ^~
../Src/main.c:37:15: note: each undeclared identifier is reported only once for each function it appears in
../Src/main.c:50:28: warning: pointer targets in passing argument 2 of 'USART_SEND_STRING' differ in signedness [-Wpointer-sign]
   USART_SEND_STRING(USART1,"\n ");
                            ^~~~~
In file included from ../Src/main.c:11:0:
C:/E/embedded/test/final simulation code for my assignments/artificial foot/FINAL_PROJECT_FEET/STM32f103c8_drivers/inc/stm32f103c6_USART_SRIVER.h:114:6: note: expected 'uint8_t * {aka unsigned char *}' but argument is of type 'char *'
 void USART_SEND_STRING(USART_typeDef* USARTx,uint8_t* data);
      ^~~~~~~~~~~~~~~~~
../Src/main.c:53:28: warning: pointer targets in passing argument 2 of 'USART_SEND_STRING' differ in signedness [-Wpointer-sign]
   USART_SEND_STRING(USART1,text);
                            ^~~~
In file included from ../Src/main.c:11:0:
C:/E/embedded/test/final simulation code for my assignments/artificial foot/FINAL_PROJECT_FEET/STM32f103c8_drivers/inc/stm32f103c6_USART_SRIVER.h:114:6: note: expected 'uint8_t * {aka unsigned char *}' but argument is of type 'char *'
 void USART_SEND_STRING(USART_typeDef* USARTx,uint8_t* data);
      ^~~~~~~~~~~~~~~~~
make: *** [Src/subdir.mk:24: Src/main.o] Error 1
"make -j16 all" terminated with exit code 2. Build might be incomplete.
20:22:51 **** Incremental Build of configuration Debug for project FINAL_PROJECT_FEET ****
make -j16 all 
arm-none-eabi-gcc "../Src/main.c" -mcpu=cortex-m3 -std=gnu11 -g3 -DSTM32 -DSTM32F1 -DSTM32F103C8Tx -DDEBUG -c -I../Inc -I"C:/E/embedded/test/final simulation code for my assignments/artificial foot/FINAL_PROJECT_FEET/STM32f103c8_drivers/inc" -O0 -ffunction-sections -fdata-sections -Wall -fstack-usage -MMD -MP -MF"Src/main.d" -MT"Src/main.o" --specs=nano.specs -mfloat-abi=soft -mthumb -o "Src/main.o"
../Src/main.c: In function 'main':
../Src/main.c:41:21: error: lvalue required as left operand of assignment
   else if(X>=200||f1=1){
                     ^
../Src/main.c:50:28: warning: pointer targets in passing argument 2 of 'USART_SEND_STRING' differ in signedness [-Wpointer-sign]
   USART_SEND_STRING(USART1,"\n ");
                            ^~~~~
In file included from ../Src/main.c:11:0:
C:/E/embedded/test/final simulation code for my assignments/artificial foot/FINAL_PROJECT_FEET/STM32f103c8_drivers/inc/stm32f103c6_USART_SRIVER.h:114:6: note: expected 'uint8_t * {aka unsigned char *}' but argument is of type 'char *'
 void USART_SEND_STRING(USART_typeDef* USARTx,uint8_t* data);
      ^~~~~~~~~~~~~~~~~
../Src/main.c:53:28: warning: pointer targets in passing argument 2 of 'USART_SEND_STRING' differ in signedness [-Wpointer-sign]
   USART_SEND_STRING(USART1,text);
                            ^~~~
In file included from ../Src/main.c:11:0:
C:/E/embedded/test/final simulation code for my assignments/artificial foot/FINAL_PROJECT_FEET/STM32f103c8_drivers/inc/stm32f103c6_USART_SRIVER.h:114:6: note: expected 'uint8_t * {aka unsigned char *}' but argument is of type 'char *'
 void USART_SEND_STRING(USART_typeDef* USARTx,uint8_t* data);
      ^~~~~~~~~~~~~~~~~
make: *** [Src/subdir.mk:24: Src/main.o] Error 1
"make -j16 all" terminated with exit code 2. Build might be incomplete.
20:23:01 **** Incremental Build of configuration Debug for project FINAL_PROJECT_FEET ****
make -j16 all 
arm-none-eabi-gcc "../Src/main.c" -mcpu=cortex-m3 -std=gnu11 -g3 -DSTM32 -DSTM32F1 -DSTM32F103C8Tx -DDEBUG -c -I../Inc -I"C:/E/embedded/test/final simulation code for my assignments/artificial foot/FINAL_PROJECT_FEET/STM32f103c8_drivers/inc" -O0 -ffunction-sections -fdata-sections -Wall -fstack-usage -MMD -MP -MF"Src/main.d" -MT"Src/main.o" --specs=nano.specs -mfloat-abi=soft -mthumb -o "Src/main.o"
../Src/main.c: In function 'main':
../Src/main.c:50:28: warning: pointer targets in passing argument 2 of 'USART_SEND_STRING' differ in signedness [-Wpointer-sign]
   USART_SEND_STRING(USART1,"\n ");
                            ^~~~~
In file included from ../Src/main.c:11:0:
C:/E/embedded/test/final simulation code for my assignments/artificial foot/FINAL_PROJECT_FEET/STM32f103c8_drivers/inc/stm32f103c6_USART_SRIVER.h:114:6: note: expected 'uint8_t * {aka unsigned char *}' but argument is of type 'char *'
 void USART_SEND_STRING(USART_typeDef* USARTx,uint8_t* data);
      ^~~~~~~~~~~~~~~~~
../Src/main.c:53:28: warning: pointer targets in passing argument 2 of 'USART_SEND_STRING' differ in signedness [-Wpointer-sign]
   USART_SEND_STRING(USART1,text);
                            ^~~~
In file included from ../Src/main.c:11:0:
C:/E/embedded/test/final simulation code for my assignments/artificial foot/FINAL_PROJECT_FEET/STM32f103c8_drivers/inc/stm32f103c6_USART_SRIVER.h:114:6: note: expected 'uint8_t * {aka unsigned char *}' but argument is of type 'char *'
 void USART_SEND_STRING(USART_typeDef* USARTx,uint8_t* data);
      ^~~~~~~~~~~~~~~~~
arm-none-eabi-gcc -o "FINAL_PROJECT_FEET.axf" @"objects.list"   -mcpu=cortex-m3 -T"C:\E\embedded\test\final simulation code for my assignments\artificial foot\FINAL_PROJECT_FEET\STM32F103C8TX_FLASH.ld" --specs=nosys.specs -Wl,-Map="FINAL_PROJECT_FEET.map" -Wl,--gc-sections -static --specs=nano.specs -mfloat-abi=soft -mthumb -Wl,--start-group -lc -lm -Wl,--end-group
Finished building target: FINAL_PROJECT_FEET.axf
 
arm-none-eabi-objdump -h -S  FINAL_PROJECT_FEET.axf  > "FINAL_PROJECT_FEET.list"
arm-none-eabi-objcopy  -O binary  FINAL_PROJECT_FEET.axf  "FINAL_PROJECT_FEET.bin"
arm-none-eabi-size   FINAL_PROJECT_FEET.axf 
   text	   data	    bss	    dec	    hex	filename
  12104	    140	   1740	  13984	   36a0	FINAL_PROJECT_FEET.axf
Finished building: default.size.stdout
 
Finished building: FINAL_PROJECT_FEET.bin
 
Finished building: FINAL_PROJECT_FEET.list
 
20:24:32 **** Incremental Build of configuration Debug for project FINAL_PROJECT_FEET ****
make -j16 all 
arm-none-eabi-gcc "../Src/main.c" -mcpu=cortex-m3 -std=gnu11 -g3 -DSTM32 -DSTM32F1 -DSTM32F103C8Tx -DDEBUG -c -I../Inc -I"C:/E/embedded/test/final simulation code for my assignments/artificial foot/FINAL_PROJECT_FEET/STM32f103c8_drivers/inc" -O0 -ffunction-sections -fdata-sections -Wall -fstack-usage -MMD -MP -MF"Src/main.d" -MT"Src/main.o" --specs=nano.specs -mfloat-abi=soft -mthumb -o "Src/main.o"
../Src/main.c: In function 'main':
../Src/main.c:50:28: warning: pointer targets in passing argument 2 of 'USART_SEND_STRING' differ in signedness [-Wpointer-sign]
   USART_SEND_STRING(USART1,"\n ");
                            ^~~~~
In file included from ../Src/main.c:11:0:
C:/E/embedded/test/final simulation code for my assignments/artificial foot/FINAL_PROJECT_FEET/STM32f103c8_drivers/inc/stm32f103c6_USART_SRIVER.h:114:6: note: expected 'uint8_t * {aka unsigned char *}' but argument is of type 'char *'
 void USART_SEND_STRING(USART_typeDef* USARTx,uint8_t* data);
      ^~~~~~~~~~~~~~~~~
../Src/main.c:53:28: warning: pointer targets in passing argument 2 of 'USART_SEND_STRING' differ in signedness [-Wpointer-sign]
   USART_SEND_STRING(USART1,text);
                            ^~~~
In file included from ../Src/main.c:11:0:
C:/E/embedded/test/final simulation code for my assignments/artificial foot/FINAL_PROJECT_FEET/STM32f103c8_drivers/inc/stm32f103c6_USART_SRIVER.h:114:6: note: expected 'uint8_t * {aka unsigned char *}' but argument is of type 'char *'
 void USART_SEND_STRING(USART_typeDef* USARTx,uint8_t* data);
      ^~~~~~~~~~~~~~~~~
arm-none-eabi-gcc -o "FINAL_PROJECT_FEET.axf" @"objects.list"   -mcpu=cortex-m3 -T"C:\E\embedded\test\final simulation code for my assignments\artificial foot\FINAL_PROJECT_FEET\STM32F103C8TX_FLASH.ld" --specs=nosys.specs -Wl,-Map="FINAL_PROJECT_FEET.map" -Wl,--gc-sections -static --specs=nano.specs -mfloat-abi=soft -mthumb -Wl,--start-group -lc -lm -Wl,--end-group
Finished building target: FINAL_PROJECT_FEET.axf
 
arm-none-eabi-objdump -h -S  FINAL_PROJECT_FEET.axf  > "FINAL_PROJECT_FEET.list"
arm-none-eabi-objcopy  -O binary  FINAL_PROJECT_FEET.axf  "FINAL_PROJECT_FEET.bin"
arm-none-eabi-size   FINAL_PROJECT_FEET.axf 
   text	   data	    bss	    dec	    hex	filename
  12104	    140	   1740	  13984	   36a0	FINAL_PROJECT_FEET.axf
Finished building: default.size.stdout
 
Finished building: FINAL_PROJECT_FEET.bin
 
Finished building: FINAL_PROJECT_FEET.list
 
20:25:16 **** Incremental Build of configuration Debug for project FINAL_PROJECT_FEET ****
make -j16 all 
arm-none-eabi-gcc "../Src/main.c" -mcpu=cortex-m3 -std=gnu11 -g3 -DSTM32 -DSTM32F1 -DSTM32F103C8Tx -DDEBUG -c -I../Inc -I"C:/E/embedded/test/final simulation code for my assignments/artificial foot/FINAL_PROJECT_FEET/STM32f103c8_drivers/inc" -O0 -ffunction-sections -fdata-sections -Wall -fstack-usage -MMD -MP -MF"Src/main.d" -MT"Src/main.o" --specs=nano.specs -mfloat-abi=soft -mthumb -o "Src/main.o"
../Src/main.c: In function 'main':
../Src/main.c:50:28: warning: pointer targets in passing argument 2 of 'USART_SEND_STRING' differ in signedness [-Wpointer-sign]
   USART_SEND_STRING(USART1,"\n ");
                            ^~~~~
In file included from ../Src/main.c:11:0:
C:/E/embedded/test/final simulation code for my assignments/artificial foot/FINAL_PROJECT_FEET/STM32f103c8_drivers/inc/stm32f103c6_USART_SRIVER.h:114:6: note: expected 'uint8_t * {aka unsigned char *}' but argument is of type 'char *'
 void USART_SEND_STRING(USART_typeDef* USARTx,uint8_t* data);
      ^~~~~~~~~~~~~~~~~
../Src/main.c:53:28: warning: pointer targets in passing argument 2 of 'USART_SEND_STRING' differ in signedness [-Wpointer-sign]
   USART_SEND_STRING(USART1,text);
                            ^~~~
In file included from ../Src/main.c:11:0:
C:/E/embedded/test/final simulation code for my assignments/artificial foot/FINAL_PROJECT_FEET/STM32f103c8_drivers/inc/stm32f103c6_USART_SRIVER.h:114:6: note: expected 'uint8_t * {aka unsigned char *}' but argument is of type 'char *'
 void USART_SEND_STRING(USART_typeDef* USARTx,uint8_t* data);
      ^~~~~~~~~~~~~~~~~
arm-none-eabi-gcc -o "FINAL_PROJECT_FEET.axf" @"objects.list"   -mcpu=cortex-m3 -T"C:\E\embedded\test\final simulation code for my assignments\artificial foot\FINAL_PROJECT_FEET\STM32F103C8TX_FLASH.ld" --specs=nosys.specs -Wl,-Map="FINAL_PROJECT_FEET.map" -Wl,--gc-sections -static --specs=nano.specs -mfloat-abi=soft -mthumb -Wl,--start-group -lc -lm -Wl,--end-group
Finished building target: FINAL_PROJECT_FEET.axf
 
arm-none-eabi-objdump -h -S  FINAL_PROJECT_FEET.axf  > "FINAL_PROJECT_FEET.list"
arm-none-eabi-objcopy  -O binary  FINAL_PROJECT_FEET.axf  "FINAL_PROJECT_FEET.bin"
arm-none-eabi-size   FINAL_PROJECT_FEET.axf 
   text	   data	    bss	    dec	    hex	filename
  12104	    140	   1740	  13984	   36a0	FINAL_PROJECT_FEET.axf
Finished building: default.size.stdout
 
Finished building: FINAL_PROJECT_FEET.bin
 
Finished building: FINAL_PROJECT_FEET.list
 
20:25:51 **** Incremental Build of configuration Debug for project FINAL_PROJECT_FEET ****
make -j16 all 
arm-none-eabi-gcc "../Src/main.c" -mcpu=cortex-m3 -std=gnu11 -g3 -DSTM32 -DSTM32F1 -DSTM32F103C8Tx -DDEBUG -c -I../Inc -I"C:/E/embedded/test/final simulation code for my assignments/artificial foot/FINAL_PROJECT_FEET/STM32f103c8_drivers/inc" -O0 -ffunction-sections -fdata-sections -Wall -fstack-usage -MMD -MP -MF"Src/main.d" -MT"Src/main.o" --specs=nano.specs -mfloat-abi=soft -mthumb -o "Src/main.o"
../Src/main.c: In function 'main':
../Src/main.c:50:28: warning: pointer targets in passing argument 2 of 'USART_SEND_STRING' differ in signedness [-Wpointer-sign]
   USART_SEND_STRING(USART1,"\n ");
                            ^~~~~
In file included from ../Src/main.c:11:0:
C:/E/embedded/test/final simulation code for my assignments/artificial foot/FINAL_PROJECT_FEET/STM32f103c8_drivers/inc/stm32f103c6_USART_SRIVER.h:114:6: note: expected 'uint8_t * {aka unsigned char *}' but argument is of type 'char *'
 void USART_SEND_STRING(USART_typeDef* USARTx,uint8_t* data);
      ^~~~~~~~~~~~~~~~~
../Src/main.c:53:28: warning: pointer targets in passing argument 2 of 'USART_SEND_STRING' differ in signedness [-Wpointer-sign]
   USART_SEND_STRING(USART1,text);
                            ^~~~
In file included from ../Src/main.c:11:0:
C:/E/embedded/test/final simulation code for my assignments/artificial foot/FINAL_PROJECT_FEET/STM32f103c8_drivers/inc/stm32f103c6_USART_SRIVER.h:114:6: note: expected 'uint8_t * {aka unsigned char *}' but argument is of type 'char *'
 void USART_SEND_STRING(USART_typeDef* USARTx,uint8_t* data);
      ^~~~~~~~~~~~~~~~~
arm-none-eabi-gcc -o "FINAL_PROJECT_FEET.axf" @"objects.list"   -mcpu=cortex-m3 -T"C:\E\embedded\test\final simulation code for my assignments\artificial foot\FINAL_PROJECT_FEET\STM32F103C8TX_FLASH.ld" --specs=nosys.specs -Wl,-Map="FINAL_PROJECT_FEET.map" -Wl,--gc-sections -static --specs=nano.specs -mfloat-abi=soft -mthumb -Wl,--start-group -lc -lm -Wl,--end-group
Finished building target: FINAL_PROJECT_FEET.axf
 
arm-none-eabi-objdump -h -S  FINAL_PROJECT_FEET.axf  > "FINAL_PROJECT_FEET.list"
arm-none-eabi-objcopy  -O binary  FINAL_PROJECT_FEET.axf  "FINAL_PROJECT_FEET.bin"
arm-none-eabi-size   FINAL_PROJECT_FEET.axf 
   text	   data	    bss	    dec	    hex	filename
  12104	    140	   1740	  13984	   36a0	FINAL_PROJECT_FEET.axf
Finished building: default.size.stdout
 
Finished building: FINAL_PROJECT_FEET.bin
 
Finished building: FINAL_PROJECT_FEET.list
 
20:37:49 **** Incremental Build of configuration Debug for project FINAL_PROJECT_FEET ****
make -j16 all 
arm-none-eabi-size   FINAL_PROJECT_FEET.axf 
   text	   data	    bss	    dec	    hex	filename
  12104	    140	   1740	  13984	   36a0	FINAL_PROJECT_FEET.axf
Finished building: default.size.stdout
 
11:21:38 **** Clean-only build of configuration Debug for project FINAL_PROJECT_FEET ****
make -j16 clean 
rm -rf *
 
11:21:39 **** Incremental Build of configuration Debug for project FINAL_PROJECT_FEET ****
make -j16 all 
arm-none-eabi-gcc -mcpu=cortex-m3 -g3 -c -x assembler-with-cpp -MMD -MP -MF"Startup/startup_stm32f103c8tx.d" -MT"Startup/startup_stm32f103c8tx.o" --specs=nano.specs -mfloat-abi=soft -mthumb -o "Startup/startup_stm32f103c8tx.o" "../Startup/startup_stm32f103c8tx.s"
arm-none-eabi-gcc "../Src/main.c" -mcpu=cortex-m3 -std=gnu11 -g3 -DSTM32 -DSTM32F1 -DSTM32F103C8Tx -DDEBUG -c -I../Inc -I"C:/E/embedded/test/final simulation code for my assignments/artificial foot/FINAL_PROJECT_FEET/STM32f103c8_drivers/inc" -O0 -ffunction-sections -fdata-sections -Wall -fstack-usage -MMD -MP -MF"Src/main.d" -MT"Src/main.o" --specs=nano.specs -mfloat-abi=soft -mthumb -o "Src/main.o"
arm-none-eabi-gcc "../Src/syscalls.c" -mcpu=cortex-m3 -std=gnu11 -g3 -DSTM32 -DSTM32F1 -DSTM32F103C8Tx -DDEBUG -c -I../Inc -I"C:/E/embedded/test/final simulation code for my assignments/artificial foot/FINAL_PROJECT_FEET/STM32f103c8_drivers/inc" -O0 -ffunction-sections -fdata-sections -Wall -fstack-usage -MMD -MP -MF"Src/syscalls.d" -MT"Src/syscalls.o" --specs=nano.specs -mfloat-abi=soft -mthumb -o "Src/syscalls.o"
arm-none-eabi-gcc "../Src/sysmem.c" -mcpu=cortex-m3 -std=gnu11 -g3 -DSTM32 -DSTM32F1 -DSTM32F103C8Tx -DDEBUG -c -I../Inc -I"C:/E/embedded/test/final simulation code for my assignments/artificial foot/FINAL_PROJECT_FEET/STM32f103c8_drivers/inc" -O0 -ffunction-sections -fdata-sections -Wall -fstack-usage -MMD -MP -MF"Src/sysmem.d" -MT"Src/sysmem.o" --specs=nano.specs -mfloat-abi=soft -mthumb -o "Src/sysmem.o"
arm-none-eabi-gcc "../STM32f103c8_drivers/EEPROM.c" -mcpu=cortex-m3 -std=gnu11 -g3 -DSTM32 -DSTM32F1 -DSTM32F103C8Tx -DDEBUG -c -I../Inc -I"C:/E/embedded/test/final simulation code for my assignments/artificial foot/FINAL_PROJECT_FEET/STM32f103c8_drivers/inc" -O0 -ffunction-sections -fdata-sections -Wall -fstack-usage -MMD -MP -MF"STM32f103c8_drivers/EEPROM.d" -MT"STM32f103c8_drivers/EEPROM.o" --specs=nano.specs -mfloat-abi=soft -mthumb -o "STM32f103c8_drivers/EEPROM.o"
arm-none-eabi-gcc "../STM32f103c8_drivers/FIFO.c" -mcpu=cortex-m3 -std=gnu11 -g3 -DSTM32 -DSTM32F1 -DSTM32F103C8Tx -DDEBUG -c -I../Inc -I"C:/E/embedded/test/final simulation code for my assignments/artificial foot/FINAL_PROJECT_FEET/STM32f103c8_drivers/inc" -O0 -ffunction-sections -fdata-sections -Wall -fstack-usage -MMD -MP -MF"STM32f103c8_drivers/FIFO.d" -MT"STM32f103c8_drivers/FIFO.o" --specs=nano.specs -mfloat-abi=soft -mthumb -o "STM32f103c8_drivers/FIFO.o"
arm-none-eabi-gcc "../STM32f103c8_drivers/GPIO_DRIVER.c" -mcpu=cortex-m3 -std=gnu11 -g3 -DSTM32 -DSTM32F1 -DSTM32F103C8Tx -DDEBUG -c -I../Inc -I"C:/E/embedded/test/final simulation code for my assignments/artificial foot/FINAL_PROJECT_FEET/STM32f103c8_drivers/inc" -O0 -ffunction-sections -fdata-sections -Wall -fstack-usage -MMD -MP -MF"STM32f103c8_drivers/GPIO_DRIVER.d" -MT"STM32f103c8_drivers/GPIO_DRIVER.o" --specs=nano.specs -mfloat-abi=soft -mthumb -o "STM32f103c8_drivers/GPIO_DRIVER.o"
arm-none-eabi-gcc "../STM32f103c8_drivers/I2C_LCD.c" -mcpu=cortex-m3 -std=gnu11 -g3 -DSTM32 -DSTM32F1 -DSTM32F103C8Tx -DDEBUG -c -I../Inc -I"C:/E/embedded/test/final simulation code for my assignments/artificial foot/FINAL_PROJECT_FEET/STM32f103c8_drivers/inc" -O0 -ffunction-sections -fdata-sections -Wall -fstack-usage -MMD -MP -MF"STM32f103c8_drivers/I2C_LCD.d" -MT"STM32f103c8_drivers/I2C_LCD.o" --specs=nano.specs -mfloat-abi=soft -mthumb -o "STM32f103c8_drivers/I2C_LCD.o"
arm-none-eabi-gcc "../STM32f103c8_drivers/LCD.c" -mcpu=cortex-m3 -std=gnu11 -g3 -DSTM32 -DSTM32F1 -DSTM32F103C8Tx -DDEBUG -c -I../Inc -I"C:/E/embedded/test/final simulation code for my assignments/artificial foot/FINAL_PROJECT_FEET/STM32f103c8_drivers/inc" -O0 -ffunction-sections -fdata-sections -Wall -fstack-usage -MMD -MP -MF"STM32f103c8_drivers/LCD.d" -MT"STM32f103c8_drivers/LCD.o" --specs=nano.specs -mfloat-abi=soft -mthumb -o "STM32f103c8_drivers/LCD.o"
arm-none-eabi-gcc "../STM32f103c8_drivers/LIFO.c" -mcpu=cortex-m3 -std=gnu11 -g3 -DSTM32 -DSTM32F1 -DSTM32F103C8Tx -DDEBUG -c -I../Inc -I"C:/E/embedded/test/final simulation code for my assignments/artificial foot/FINAL_PROJECT_FEET/STM32f103c8_drivers/inc" -O0 -ffunction-sections -fdata-sections -Wall -fstack-usage -MMD -MP -MF"STM32f103c8_drivers/LIFO.d" -MT"STM32f103c8_drivers/LIFO.o" --specs=nano.specs -mfloat-abi=soft -mthumb -o "STM32f103c8_drivers/LIFO.o"
arm-none-eabi-gcc "../STM32f103c8_drivers/MPU6050.c" -mcpu=cortex-m3 -std=gnu11 -g3 -DSTM32 -DSTM32F1 -DSTM32F103C8Tx -DDEBUG -c -I../Inc -I"C:/E/embedded/test/final simulation code for my assignments/artificial foot/FINAL_PROJECT_FEET/STM32f103c8_drivers/inc" -O0 -ffunction-sections -fdata-sections -Wall -fstack-usage -MMD -MP -MF"STM32f103c8_drivers/MPU6050.d" -MT"STM32f103c8_drivers/MPU6050.o" --specs=nano.specs -mfloat-abi=soft -mthumb -o "STM32f103c8_drivers/MPU6050.o"
arm-none-eabi-gcc "../STM32f103c8_drivers/STM32_I2C_DRIVER.c" -mcpu=cortex-m3 -std=gnu11 -g3 -DSTM32 -DSTM32F1 -DSTM32F103C8Tx -DDEBUG -c -I../Inc -I"C:/E/embedded/test/final simulation code for my assignments/artificial foot/FINAL_PROJECT_FEET/STM32f103c8_drivers/inc" -O0 -ffunction-sections -fdata-sections -Wall -fstack-usage -MMD -MP -MF"STM32f103c8_drivers/STM32_I2C_DRIVER.d" -MT"STM32f103c8_drivers/STM32_I2C_DRIVER.o" --specs=nano.specs -mfloat-abi=soft -mthumb -o "STM32f103c8_drivers/STM32_I2C_DRIVER.o"
arm-none-eabi-gcc "../STM32f103c8_drivers/STM32_TIMERS_DRIVER.c" -mcpu=cortex-m3 -std=gnu11 -g3 -DSTM32 -DSTM32F1 -DSTM32F103C8Tx -DDEBUG -c -I../Inc -I"C:/E/embedded/test/final simulation code for my assignments/artificial foot/FINAL_PROJECT_FEET/STM32f103c8_drivers/inc" -O0 -ffunction-sections -fdata-sections -Wall -fstack-usage -MMD -MP -MF"STM32f103c8_drivers/STM32_TIMERS_DRIVER.d" -MT"STM32f103c8_drivers/STM32_TIMERS_DRIVER.o" --specs=nano.specs -mfloat-abi=soft -mthumb -o "STM32f103c8_drivers/STM32_TIMERS_DRIVER.o"
arm-none-eabi-gcc "../STM32f103c8_drivers/keypad.c" -mcpu=cortex-m3 -std=gnu11 -g3 -DSTM32 -DSTM32F1 -DSTM32F103C8Tx -DDEBUG -c -I../Inc -I"C:/E/embedded/test/final simulation code for my assignments/artificial foot/FINAL_PROJECT_FEET/STM32f103c8_drivers/inc" -O0 -ffunction-sections -fdata-sections -Wall -fstack-usage -MMD -MP -MF"STM32f103c8_drivers/keypad.d" -MT"STM32f103c8_drivers/keypad.o" --specs=nano.specs -mfloat-abi=soft -mthumb -o "STM32f103c8_drivers/keypad.o"
arm-none-eabi-gcc "../STM32f103c8_drivers/stm32_speed_DRIVER.c" -mcpu=cortex-m3 -std=gnu11 -g3 -DSTM32 -DSTM32F1 -DSTM32F103C8Tx -DDEBUG -c -I../Inc -I"C:/E/embedded/test/final simulation code for my assignments/artificial foot/FINAL_PROJECT_FEET/STM32f103c8_drivers/inc" -O0 -ffunction-sections -fdata-sections -Wall -fstack-usage -MMD -MP -MF"STM32f103c8_drivers/stm32_speed_DRIVER.d" -MT"STM32f103c8_drivers/stm32_speed_DRIVER.o" --specs=nano.specs -mfloat-abi=soft -mthumb -o "STM32f103c8_drivers/stm32_speed_DRIVER.o"
arm-none-eabi-gcc "../STM32f103c8_drivers/stm32f103c6_ADC.c" -mcpu=cortex-m3 -std=gnu11 -g3 -DSTM32 -DSTM32F1 -DSTM32F103C8Tx -DDEBUG -c -I../Inc -I"C:/E/embedded/test/final simulation code for my assignments/artificial foot/FINAL_PROJECT_FEET/STM32f103c8_drivers/inc" -O0 -ffunction-sections -fdata-sections -Wall -fstack-usage -MMD -MP -MF"STM32f103c8_drivers/stm32f103c6_ADC.d" -MT"STM32f103c8_drivers/stm32f103c6_ADC.o" --specs=nano.specs -mfloat-abi=soft -mthumb -o "STM32f103c8_drivers/stm32f103c6_ADC.o"
../Src/main.c: In function 'main':
../Src/main.c:53:28: warning: pointer targets in passing argument 2 of 'USART_SEND_STRING' differ in signedness [-Wpointer-sign]
   USART_SEND_STRING(USART1,"\n ");
                            ^~~~~
In file included from ../Src/main.c:11:0:
C:/E/embedded/test/final simulation code for my assignments/artificial foot/FINAL_PROJECT_FEET/STM32f103c8_drivers/inc/stm32f103c6_USART_SRIVER.h:114:6: note: expected 'uint8_t * {aka unsigned char *}' but argument is of type 'char *'
 void USART_SEND_STRING(USART_typeDef* USARTx,uint8_t* data);
      ^~~~~~~~~~~~~~~~~
../Src/main.c:56:28: warning: pointer targets in passing argument 2 of 'USART_SEND_STRING' differ in signedness [-Wpointer-sign]
   USART_SEND_STRING(USART1,text);
                            ^~~~
../STM32f103c8_drivers/STM32_I2C_DRIVER.c: In function 'I2C_GetFlagStatus':
../STM32f103c8_drivers/LCD.c: In function 'LCD_write_FLOATnumber':
../STM32f103c8_drivers/I2C_LCD.c: In function 'I2C_LCD_write_FLOATnumber':
In file included from ../Src/main.c:11:0:
C:/E/embedded/test/final simulation code for my assignments/artificial foot/FINAL_PROJECT_FEET/STM32f103c8_drivers/inc/stm32f103c6_USART_SRIVER.h:114:6: note: expected 'uint8_t * {aka unsigned char *}' but argument is of type 'char *'
 void USART_SEND_STRING(USART_typeDef* USARTx,uint8_t* data);
      ^~~~~~~~~~~~~~~~~
../STM32f103c8_drivers/STM32_I2C_DRIVER.c:119:20: warning: variable 'dummy_Read' set but not used [-Wunused-but-set-variable]
  volatile uint32_t dummy_Read;
                    ^~~~~~~~~~
../STM32f103c8_drivers/I2C_LCD.c:114:2: warning: implicit declaration of function 'gcvt' [-Wimplicit-function-declaration]
  gcvt(num,digit,text);
  ^~~~
../STM32f103c8_drivers/LCD.c:118:2: warning: implicit declaration of function 'gcvt' [-Wimplicit-function-declaration]
  gcvt(num,digit,text);
  ^~~~
arm-none-eabi-gcc "../STM32f103c8_drivers/stm32f103c6_ISR_DRIVER.c" -mcpu=cortex-m3 -std=gnu11 -g3 -DSTM32 -DSTM32F1 -DSTM32F103C8Tx -DDEBUG -c -I../Inc -I"C:/E/embedded/test/final simulation code for my assignments/artificial foot/FINAL_PROJECT_FEET/STM32f103c8_drivers/inc" -O0 -ffunction-sections -fdata-sections -Wall -fstack-usage -MMD -MP -MF"STM32f103c8_drivers/stm32f103c6_ISR_DRIVER.d" -MT"STM32f103c8_drivers/stm32f103c6_ISR_DRIVER.o" --specs=nano.specs -mfloat-abi=soft -mthumb -o "STM32f103c8_drivers/stm32f103c6_ISR_DRIVER.o"
arm-none-eabi-gcc "../STM32f103c8_drivers/stm32f103c6_SPI_DRIVER.c" -mcpu=cortex-m3 -std=gnu11 -g3 -DSTM32 -DSTM32F1 -DSTM32F103C8Tx -DDEBUG -c -I../Inc -I"C:/E/embedded/test/final simulation code for my assignments/artificial foot/FINAL_PROJECT_FEET/STM32f103c8_drivers/inc" -O0 -ffunction-sections -fdata-sections -Wall -fstack-usage -MMD -MP -MF"STM32f103c8_drivers/stm32f103c6_SPI_DRIVER.d" -MT"STM32f103c8_drivers/stm32f103c6_SPI_DRIVER.o" --specs=nano.specs -mfloat-abi=soft -mthumb -o "STM32f103c8_drivers/stm32f103c6_SPI_DRIVER.o"
arm-none-eabi-gcc "../STM32f103c8_drivers/stm32f103c6_USART_SRIVER.c" -mcpu=cortex-m3 -std=gnu11 -g3 -DSTM32 -DSTM32F1 -DSTM32F103C8Tx -DDEBUG -c -I../Inc -I"C:/E/embedded/test/final simulation code for my assignments/artificial foot/FINAL_PROJECT_FEET/STM32f103c8_drivers/inc" -O0 -ffunction-sections -fdata-sections -Wall -fstack-usage -MMD -MP -MF"STM32f103c8_drivers/stm32f103c6_USART_SRIVER.d" -MT"STM32f103c8_drivers/stm32f103c6_USART_SRIVER.o" --specs=nano.specs -mfloat-abi=soft -mthumb -o "STM32f103c8_drivers/stm32f103c6_USART_SRIVER.o"
../STM32f103c8_drivers/stm32f103c6_USART_SRIVER.c: In function 'USART1_IRQHandler':
../STM32f103c8_drivers/stm32f103c6_USART_SRIVER.c:272:22: warning: unused variable 'd' [-Wunused-variable]
    volatile uint16_t d=USART1->USART_DR;
                      ^
../STM32f103c8_drivers/stm32f103c6_USART_SRIVER.c:277:21: warning: unused variable 'w' [-Wunused-variable]
   volatile uint16_t w =USART1->USART_DR;
                     ^
../STM32f103c8_drivers/stm32f103c6_USART_SRIVER.c: In function 'USART2_IRQHandler':
../STM32f103c8_drivers/stm32f103c6_USART_SRIVER.c:353:22: warning: unused variable 'd' [-Wunused-variable]
    volatile uint16_t d =USART2->USART_DR;
                      ^
../STM32f103c8_drivers/stm32f103c6_USART_SRIVER.c:358:21: warning: unused variable 'w' [-Wunused-variable]
   volatile uint16_t w =USART2->USART_DR;
                     ^
../STM32f103c8_drivers/stm32f103c6_USART_SRIVER.c: In function 'USART3_IRQHandler':
../STM32f103c8_drivers/stm32f103c6_USART_SRIVER.c:434:22: warning: unused variable 'd' [-Wunused-variable]
    volatile uint16_t d =USART3->USART_DR;
                      ^
../STM32f103c8_drivers/stm32f103c6_USART_SRIVER.c:439:21: warning: unused variable 'w' [-Wunused-variable]
   volatile uint16_t w =USART3->USART_DR;
                     ^
arm-none-eabi-gcc -o "FINAL_PROJECT_FEET.axf" @"objects.list"   -mcpu=cortex-m3 -T"C:\E\embedded\test\final simulation code for my assignments\artificial foot\FINAL_PROJECT_FEET\STM32F103C8TX_FLASH.ld" --specs=nosys.specs -Wl,-Map="FINAL_PROJECT_FEET.map" -Wl,--gc-sections -static --specs=nano.specs -mfloat-abi=soft -mthumb -Wl,--start-group -lc -lm -Wl,--end-group
Finished building target: FINAL_PROJECT_FEET.axf
 
arm-none-eabi-size   FINAL_PROJECT_FEET.axf 
arm-none-eabi-objdump -h -S  FINAL_PROJECT_FEET.axf  > "FINAL_PROJECT_FEET.list"
arm-none-eabi-objcopy  -O binary  FINAL_PROJECT_FEET.axf  "FINAL_PROJECT_FEET.bin"
   text	   data	    bss	    dec	    hex	filename
  11984	    140	   1732	  13856	   3620	FINAL_PROJECT_FEET.axf
Finished building: default.size.stdout
 
Finished building: FINAL_PROJECT_FEET.bin
 
Finished building: FINAL_PROJECT_FEET.list
 
11:23:16 **** Incremental Build of configuration Debug for project FINAL_PROJECT_FEET ****
make -j16 all 
arm-none-eabi-gcc "../Src/main.c" -mcpu=cortex-m3 -std=gnu11 -g3 -DSTM32 -DSTM32F1 -DSTM32F103C8Tx -DDEBUG -c -I../Inc -I"C:/E/embedded/test/final simulation code for my assignments/artificial foot/FINAL_PROJECT_FEET/STM32f103c8_drivers/inc" -O0 -ffunction-sections -fdata-sections -Wall -fstack-usage -MMD -MP -MF"Src/main.d" -MT"Src/main.o" --specs=nano.specs -mfloat-abi=soft -mthumb -o "Src/main.o"
../Src/main.c: In function 'main':
../Src/main.c:53:28: warning: pointer targets in passing argument 2 of 'USART_SEND_STRING' differ in signedness [-Wpointer-sign]
   USART_SEND_STRING(USART1,"\n ");
                            ^~~~~
In file included from ../Src/main.c:11:0:
C:/E/embedded/test/final simulation code for my assignments/artificial foot/FINAL_PROJECT_FEET/STM32f103c8_drivers/inc/stm32f103c6_USART_SRIVER.h:114:6: note: expected 'uint8_t * {aka unsigned char *}' but argument is of type 'char *'
 void USART_SEND_STRING(USART_typeDef* USARTx,uint8_t* data);
      ^~~~~~~~~~~~~~~~~
../Src/main.c:56:28: warning: pointer targets in passing argument 2 of 'USART_SEND_STRING' differ in signedness [-Wpointer-sign]
   USART_SEND_STRING(USART1,text);
                            ^~~~
In file included from ../Src/main.c:11:0:
C:/E/embedded/test/final simulation code for my assignments/artificial foot/FINAL_PROJECT_FEET/STM32f103c8_drivers/inc/stm32f103c6_USART_SRIVER.h:114:6: note: expected 'uint8_t * {aka unsigned char *}' but argument is of type 'char *'
 void USART_SEND_STRING(USART_typeDef* USARTx,uint8_t* data);
      ^~~~~~~~~~~~~~~~~
arm-none-eabi-gcc -o "FINAL_PROJECT_FEET.axf" @"objects.list"   -mcpu=cortex-m3 -T"C:\E\embedded\test\final simulation code for my assignments\artificial foot\FINAL_PROJECT_FEET\STM32F103C8TX_FLASH.ld" --specs=nosys.specs -Wl,-Map="FINAL_PROJECT_FEET.map" -Wl,--gc-sections -static --specs=nano.specs -mfloat-abi=soft -mthumb -Wl,--start-group -lc -lm -Wl,--end-group
Finished building target: FINAL_PROJECT_FEET.axf
 
arm-none-eabi-objdump -h -S  FINAL_PROJECT_FEET.axf  > "FINAL_PROJECT_FEET.list"
arm-none-eabi-objcopy  -O binary  FINAL_PROJECT_FEET.axf  "FINAL_PROJECT_FEET.bin"
arm-none-eabi-size   FINAL_PROJECT_FEET.axf 
   text	   data	    bss	    dec	    hex	filename
  11808	    140	   1732	  13680	   3570	FINAL_PROJECT_FEET.axf
Finished building: default.size.stdout
 
Finished building: FINAL_PROJECT_FEET.bin
 
Finished building: FINAL_PROJECT_FEET.list
 
11:23:38 **** Incremental Build of configuration Debug for project FINAL_PROJECT_FEET ****
make -j16 all 
arm-none-eabi-gcc "../Src/main.c" -mcpu=cortex-m3 -std=gnu11 -g3 -DSTM32 -DSTM32F1 -DSTM32F103C8Tx -DDEBUG -c -I../Inc -I"C:/E/embedded/test/final simulation code for my assignments/artificial foot/FINAL_PROJECT_FEET/STM32f103c8_drivers/inc" -O0 -ffunction-sections -fdata-sections -Wall -fstack-usage -MMD -MP -MF"Src/main.d" -MT"Src/main.o" --specs=nano.specs -mfloat-abi=soft -mthumb -o "Src/main.o"
../Src/main.c: In function 'main':
../Src/main.c:53:28: warning: pointer targets in passing argument 2 of 'USART_SEND_STRING' differ in signedness [-Wpointer-sign]
   USART_SEND_STRING(USART1,"\n ");
                            ^~~~~
In file included from ../Src/main.c:11:0:
C:/E/embedded/test/final simulation code for my assignments/artificial foot/FINAL_PROJECT_FEET/STM32f103c8_drivers/inc/stm32f103c6_USART_SRIVER.h:114:6: note: expected 'uint8_t * {aka unsigned char *}' but argument is of type 'char *'
 void USART_SEND_STRING(USART_typeDef* USARTx,uint8_t* data);
      ^~~~~~~~~~~~~~~~~
../Src/main.c:56:28: warning: pointer targets in passing argument 2 of 'USART_SEND_STRING' differ in signedness [-Wpointer-sign]
   USART_SEND_STRING(USART1,text);
                            ^~~~
In file included from ../Src/main.c:11:0:
C:/E/embedded/test/final simulation code for my assignments/artificial foot/FINAL_PROJECT_FEET/STM32f103c8_drivers/inc/stm32f103c6_USART_SRIVER.h:114:6: note: expected 'uint8_t * {aka unsigned char *}' but argument is of type 'char *'
 void USART_SEND_STRING(USART_typeDef* USARTx,uint8_t* data);
      ^~~~~~~~~~~~~~~~~
arm-none-eabi-gcc -o "FINAL_PROJECT_FEET.axf" @"objects.list"   -mcpu=cortex-m3 -T"C:\E\embedded\test\final simulation code for my assignments\artificial foot\FINAL_PROJECT_FEET\STM32F103C8TX_FLASH.ld" --specs=nosys.specs -Wl,-Map="FINAL_PROJECT_FEET.map" -Wl,--gc-sections -static --specs=nano.specs -mfloat-abi=soft -mthumb -Wl,--start-group -lc -lm -Wl,--end-group
Finished building target: FINAL_PROJECT_FEET.axf
 
arm-none-eabi-objdump -h -S  FINAL_PROJECT_FEET.axf  > "FINAL_PROJECT_FEET.list"
arm-none-eabi-objcopy  -O binary  FINAL_PROJECT_FEET.axf  "FINAL_PROJECT_FEET.bin"
arm-none-eabi-size   FINAL_PROJECT_FEET.axf 
   text	   data	    bss	    dec	    hex	filename
  11808	    140	   1732	  13680	   3570	FINAL_PROJECT_FEET.axf
Finished building: default.size.stdout
 
Finished building: FINAL_PROJECT_FEET.bin
 
Finished building: FINAL_PROJECT_FEET.list
 
11:25:18 **** Incremental Build of configuration Debug for project FINAL_PROJECT_FEET ****
make -j16 all 
arm-none-eabi-gcc "../Src/main.c" -mcpu=cortex-m3 -std=gnu11 -g3 -DSTM32 -DSTM32F1 -DSTM32F103C8Tx -DDEBUG -c -I../Inc -I"C:/E/embedded/test/final simulation code for my assignments/artificial foot/FINAL_PROJECT_FEET/STM32f103c8_drivers/inc" -O0 -ffunction-sections -fdata-sections -Wall -fstack-usage -MMD -MP -MF"Src/main.d" -MT"Src/main.o" --specs=nano.specs -mfloat-abi=soft -mthumb -o "Src/main.o"
../Src/main.c: In function 'main':
../Src/main.c:53:28: warning: pointer targets in passing argument 2 of 'USART_SEND_STRING' differ in signedness [-Wpointer-sign]
   USART_SEND_STRING(USART1,"\n ");
                            ^~~~~
In file included from ../Src/main.c:11:0:
C:/E/embedded/test/final simulation code for my assignments/artificial foot/FINAL_PROJECT_FEET/STM32f103c8_drivers/inc/stm32f103c6_USART_SRIVER.h:114:6: note: expected 'uint8_t * {aka unsigned char *}' but argument is of type 'char *'
 void USART_SEND_STRING(USART_typeDef* USARTx,uint8_t* data);
      ^~~~~~~~~~~~~~~~~
../Src/main.c:56:28: warning: pointer targets in passing argument 2 of 'USART_SEND_STRING' differ in signedness [-Wpointer-sign]
   USART_SEND_STRING(USART1,text);
                            ^~~~
In file included from ../Src/main.c:11:0:
C:/E/embedded/test/final simulation code for my assignments/artificial foot/FINAL_PROJECT_FEET/STM32f103c8_drivers/inc/stm32f103c6_USART_SRIVER.h:114:6: note: expected 'uint8_t * {aka unsigned char *}' but argument is of type 'char *'
 void USART_SEND_STRING(USART_typeDef* USARTx,uint8_t* data);
      ^~~~~~~~~~~~~~~~~
arm-none-eabi-gcc -o "FINAL_PROJECT_FEET.axf" @"objects.list"   -mcpu=cortex-m3 -T"C:\E\embedded\test\final simulation code for my assignments\artificial foot\FINAL_PROJECT_FEET\STM32F103C8TX_FLASH.ld" --specs=nosys.specs -Wl,-Map="FINAL_PROJECT_FEET.map" -Wl,--gc-sections -static --specs=nano.specs -mfloat-abi=soft -mthumb -Wl,--start-group -lc -lm -Wl,--end-group
Finished building target: FINAL_PROJECT_FEET.axf
 
arm-none-eabi-objdump -h -S  FINAL_PROJECT_FEET.axf  > "FINAL_PROJECT_FEET.list"
arm-none-eabi-objcopy  -O binary  FINAL_PROJECT_FEET.axf  "FINAL_PROJECT_FEET.bin"
arm-none-eabi-size   FINAL_PROJECT_FEET.axf 
   text	   data	    bss	    dec	    hex	filename
  11808	    140	   1732	  13680	   3570	FINAL_PROJECT_FEET.axf
Finished building: default.size.stdout
 
Finished building: FINAL_PROJECT_FEET.bin
 
Finished building: FINAL_PROJECT_FEET.list
 
11:25:35 **** Incremental Build of configuration Debug for project FINAL_PROJECT_FEET ****
make -j16 all 
arm-none-eabi-gcc "../Src/main.c" -mcpu=cortex-m3 -std=gnu11 -g3 -DSTM32 -DSTM32F1 -DSTM32F103C8Tx -DDEBUG -c -I../Inc -I"C:/E/embedded/test/final simulation code for my assignments/artificial foot/FINAL_PROJECT_FEET/STM32f103c8_drivers/inc" -O0 -ffunction-sections -fdata-sections -Wall -fstack-usage -MMD -MP -MF"Src/main.d" -MT"Src/main.o" --specs=nano.specs -mfloat-abi=soft -mthumb -o "Src/main.o"
../Src/main.c: In function 'main':
../Src/main.c:53:28: warning: pointer targets in passing argument 2 of 'USART_SEND_STRING' differ in signedness [-Wpointer-sign]
   USART_SEND_STRING(USART1,"\n ");
                            ^~~~~
In file included from ../Src/main.c:11:0:
C:/E/embedded/test/final simulation code for my assignments/artificial foot/FINAL_PROJECT_FEET/STM32f103c8_drivers/inc/stm32f103c6_USART_SRIVER.h:114:6: note: expected 'uint8_t * {aka unsigned char *}' but argument is of type 'char *'
 void USART_SEND_STRING(USART_typeDef* USARTx,uint8_t* data);
      ^~~~~~~~~~~~~~~~~
../Src/main.c:56:28: warning: pointer targets in passing argument 2 of 'USART_SEND_STRING' differ in signedness [-Wpointer-sign]
   USART_SEND_STRING(USART1,text);
                            ^~~~
In file included from ../Src/main.c:11:0:
C:/E/embedded/test/final simulation code for my assignments/artificial foot/FINAL_PROJECT_FEET/STM32f103c8_drivers/inc/stm32f103c6_USART_SRIVER.h:114:6: note: expected 'uint8_t * {aka unsigned char *}' but argument is of type 'char *'
 void USART_SEND_STRING(USART_typeDef* USARTx,uint8_t* data);
      ^~~~~~~~~~~~~~~~~
arm-none-eabi-gcc -o "FINAL_PROJECT_FEET.axf" @"objects.list"   -mcpu=cortex-m3 -T"C:\E\embedded\test\final simulation code for my assignments\artificial foot\FINAL_PROJECT_FEET\STM32F103C8TX_FLASH.ld" --specs=nosys.specs -Wl,-Map="FINAL_PROJECT_FEET.map" -Wl,--gc-sections -static --specs=nano.specs -mfloat-abi=soft -mthumb -Wl,--start-group -lc -lm -Wl,--end-group
Finished building target: FINAL_PROJECT_FEET.axf
 
arm-none-eabi-objdump -h -S  FINAL_PROJECT_FEET.axf  > "FINAL_PROJECT_FEET.list"
arm-none-eabi-objcopy  -O binary  FINAL_PROJECT_FEET.axf  "FINAL_PROJECT_FEET.bin"
arm-none-eabi-size   FINAL_PROJECT_FEET.axf 
   text	   data	    bss	    dec	    hex	filename
  11808	    140	   1732	  13680	   3570	FINAL_PROJECT_FEET.axf
Finished building: default.size.stdout
 
Finished building: FINAL_PROJECT_FEET.bin
 
Finished building: FINAL_PROJECT_FEET.list
 
11:25:50 **** Incremental Build of configuration Debug for project FINAL_PROJECT_FEET ****
make -j16 all 
arm-none-eabi-gcc "../Src/main.c" -mcpu=cortex-m3 -std=gnu11 -g3 -DSTM32 -DSTM32F1 -DSTM32F103C8Tx -DDEBUG -c -I../Inc -I"C:/E/embedded/test/final simulation code for my assignments/artificial foot/FINAL_PROJECT_FEET/STM32f103c8_drivers/inc" -O0 -ffunction-sections -fdata-sections -Wall -fstack-usage -MMD -MP -MF"Src/main.d" -MT"Src/main.o" --specs=nano.specs -mfloat-abi=soft -mthumb -o "Src/main.o"
../Src/main.c: In function 'main':
../Src/main.c:53:28: warning: pointer targets in passing argument 2 of 'USART_SEND_STRING' differ in signedness [-Wpointer-sign]
   USART_SEND_STRING(USART1,"\n ");
                            ^~~~~
In file included from ../Src/main.c:11:0:
C:/E/embedded/test/final simulation code for my assignments/artificial foot/FINAL_PROJECT_FEET/STM32f103c8_drivers/inc/stm32f103c6_USART_SRIVER.h:114:6: note: expected 'uint8_t * {aka unsigned char *}' but argument is of type 'char *'
 void USART_SEND_STRING(USART_typeDef* USARTx,uint8_t* data);
      ^~~~~~~~~~~~~~~~~
../Src/main.c:56:28: warning: pointer targets in passing argument 2 of 'USART_SEND_STRING' differ in signedness [-Wpointer-sign]
   USART_SEND_STRING(USART1,text);
                            ^~~~
In file included from ../Src/main.c:11:0:
C:/E/embedded/test/final simulation code for my assignments/artificial foot/FINAL_PROJECT_FEET/STM32f103c8_drivers/inc/stm32f103c6_USART_SRIVER.h:114:6: note: expected 'uint8_t * {aka unsigned char *}' but argument is of type 'char *'
 void USART_SEND_STRING(USART_typeDef* USARTx,uint8_t* data);
      ^~~~~~~~~~~~~~~~~
arm-none-eabi-gcc -o "FINAL_PROJECT_FEET.axf" @"objects.list"   -mcpu=cortex-m3 -T"C:\E\embedded\test\final simulation code for my assignments\artificial foot\FINAL_PROJECT_FEET\STM32F103C8TX_FLASH.ld" --specs=nosys.specs -Wl,-Map="FINAL_PROJECT_FEET.map" -Wl,--gc-sections -static --specs=nano.specs -mfloat-abi=soft -mthumb -Wl,--start-group -lc -lm -Wl,--end-group
Finished building target: FINAL_PROJECT_FEET.axf
 
arm-none-eabi-objdump -h -S  FINAL_PROJECT_FEET.axf  > "FINAL_PROJECT_FEET.list"
arm-none-eabi-objcopy  -O binary  FINAL_PROJECT_FEET.axf  "FINAL_PROJECT_FEET.bin"
arm-none-eabi-size   FINAL_PROJECT_FEET.axf 
   text	   data	    bss	    dec	    hex	filename
  11812	    140	   1732	  13684	   3574	FINAL_PROJECT_FEET.axf
Finished building: default.size.stdout
 
Finished building: FINAL_PROJECT_FEET.bin
 
Finished building: FINAL_PROJECT_FEET.list
 
11:26:10 **** Incremental Build of configuration Debug for project FINAL_PROJECT_FEET ****
make -j16 all 
arm-none-eabi-gcc "../Src/main.c" -mcpu=cortex-m3 -std=gnu11 -g3 -DSTM32 -DSTM32F1 -DSTM32F103C8Tx -DDEBUG -c -I../Inc -I"C:/E/embedded/test/final simulation code for my assignments/artificial foot/FINAL_PROJECT_FEET/STM32f103c8_drivers/inc" -O0 -ffunction-sections -fdata-sections -Wall -fstack-usage -MMD -MP -MF"Src/main.d" -MT"Src/main.o" --specs=nano.specs -mfloat-abi=soft -mthumb -o "Src/main.o"
../Src/main.c: In function 'main':
../Src/main.c:53:28: warning: pointer targets in passing argument 2 of 'USART_SEND_STRING' differ in signedness [-Wpointer-sign]
   USART_SEND_STRING(USART1,"\n ");
                            ^~~~~
In file included from ../Src/main.c:11:0:
C:/E/embedded/test/final simulation code for my assignments/artificial foot/FINAL_PROJECT_FEET/STM32f103c8_drivers/inc/stm32f103c6_USART_SRIVER.h:114:6: note: expected 'uint8_t * {aka unsigned char *}' but argument is of type 'char *'
 void USART_SEND_STRING(USART_typeDef* USARTx,uint8_t* data);
      ^~~~~~~~~~~~~~~~~
../Src/main.c:56:28: warning: pointer targets in passing argument 2 of 'USART_SEND_STRING' differ in signedness [-Wpointer-sign]
   USART_SEND_STRING(USART1,text);
                            ^~~~
In file included from ../Src/main.c:11:0:
[...]
../Src/main.c: In function 'main':
../Src/main.c:67:28: warning: pointer targets in passing argument 2 of 'USART_SEND_STRING' differ in signedness [-Wpointer-sign]
   USART_SEND_STRING(USART1,"\n ");
                            ^~~~~
In file included from ../Src/main.c:11:0:
C:/E/embedded/test/final simulation code for my assignments/artificial foot/FINAL_PROJECT_FEET/STM32f103c8_drivers/inc/stm32f103c6_USART_SRIVER.h:114:6: note: expected 'uint8_t * {aka unsigned char *}' but argument is of type 'char *'
 void USART_SEND_STRING(USART_typeDef* USARTx,uint8_t* data);
      ^~~~~~~~~~~~~~~~~
../Src/main.c:70:28: warning: pointer targets in passing argument 2 of 'USART_SEND_STRING' differ in signedness [-Wpointer-sign]
   USART_SEND_STRING(USART1,text);
                            ^~~~
In file included from ../Src/main.c:11:0:
C:/E/embedded/test/final simulation code for my assignments/artificial foot/FINAL_PROJECT_FEET/STM32f103c8_drivers/inc/stm32f103c6_USART_SRIVER.h:114:6: note: expected 'uint8_t * {aka unsigned char *}' but argument is of type 'char *'
 void USART_SEND_STRING(USART_typeDef* USARTx,uint8_t* data);
      ^~~~~~~~~~~~~~~~~
arm-none-eabi-gcc -o "FINAL_PROJECT_FEET.axf" @"objects.list"   -mcpu=cortex-m3 -T"C:\E\embedded\test\final simulation code for my assignments\artificial foot\FINAL_PROJECT_FEET\STM32F103C8TX_FLASH.ld" --specs=nosys.specs -Wl,-Map="FINAL_PROJECT_FEET.map" -Wl,--gc-sections -static --specs=nano.specs -mfloat-abi=soft -mthumb -Wl,--start-group -lc -lm -Wl,--end-group
Finished building target: FINAL_PROJECT_FEET.axf
 
arm-none-eabi-objdump -h -S  FINAL_PROJECT_FEET.axf  > "FINAL_PROJECT_FEET.list"
arm-none-eabi-objcopy  -O binary  FINAL_PROJECT_FEET.axf  "FINAL_PROJECT_FEET.bin"
arm-none-eabi-size   FINAL_PROJECT_FEET.axf 
   text	   data	    bss	    dec	    hex	filename
  13980	    140	   1764	  15884	   3e0c	FINAL_PROJECT_FEET.axf
Finished building: default.size.stdout
Finished building: FINAL_PROJECT_FEET.bin
 
 
Finished building: FINAL_PROJECT_FEET.list
 
12:34:56 **** Incremental Build of configuration Debug for project FINAL_PROJECT_FEET ****
make -j16 all 
arm-none-eabi-gcc "../Src/main.c" -mcpu=cortex-m3 -std=gnu11 -g3 -DSTM32 -DSTM32F1 -DSTM32F103C8Tx -DDEBUG -c -I../Inc -I"C:/E/embedded/test/final simulation code for my assignments/artificial foot/FINAL_PROJECT_FEET/STM32f103c8_drivers/inc" -O0 -ffunction-sections -fdata-sections -Wall -fstack-usage -MMD -MP -MF"Src/main.d" -MT"Src/main.o" --specs=nano.specs -mfloat-abi=soft -mthumb -o "Src/main.o"
../Src/main.c: In function 'main':
../Src/main.c:67:28: warning: pointer targets in passing argument 2 of 'USART_SEND_STRING' differ in signedness [-Wpointer-sign]
   USART_SEND_STRING(USART1,"\n ");
                            ^~~~~
In file included from ../Src/main.c:11:0:
C:/E/embedded/test/final simulation code for my assignments/artificial foot/FINAL_PROJECT_FEET/STM32f103c8_drivers/inc/stm32f103c6_USART_SRIVER.h:114:6: note: expected 'uint8_t * {aka unsigned char *}' but argument is of type 'char *'
 void USART_SEND_STRING(USART_typeDef* USARTx,uint8_t* data);
      ^~~~~~~~~~~~~~~~~
../Src/main.c:70:28: warning: pointer targets in passing argument 2 of 'USART_SEND_STRING' differ in signedness [-Wpointer-sign]
   USART_SEND_STRING(USART1,text);
                            ^~~~
In file included from ../Src/main.c:11:0:
C:/E/embedded/test/final simulation code for my assignments/artificial foot/FINAL_PROJECT_FEET/STM32f103c8_drivers/inc/stm32f103c6_USART_SRIVER.h:114:6: note: expected 'uint8_t * {aka unsigned char *}' but argument is of type 'char *'
 void USART_SEND_STRING(USART_typeDef* USARTx,uint8_t* data);
      ^~~~~~~~~~~~~~~~~
arm-none-eabi-gcc -o "FINAL_PROJECT_FEET.axf" @"objects.list"   -mcpu=cortex-m3 -T"C:\E\embedded\test\final simulation code for my assignments\artificial foot\FINAL_PROJECT_FEET\STM32F103C8TX_FLASH.ld" --specs=nosys.specs -Wl,-Map="FINAL_PROJECT_FEET.map" -Wl,--gc-sections -static --specs=nano.specs -mfloat-abi=soft -mthumb -Wl,--start-group -lc -lm -Wl,--end-group
Finished building target: FINAL_PROJECT_FEET.axf
 
arm-none-eabi-objdump -h -S  FINAL_PROJECT_FEET.axf  > "FINAL_PROJECT_FEET.list"
arm-none-eabi-objcopy  -O binary  FINAL_PROJECT_FEET.axf  "FINAL_PROJECT_FEET.bin"
arm-none-eabi-size   FINAL_PROJECT_FEET.axf 
   text	   data	    bss	    dec	    hex	filename
  13968	    140	   1764	  15872	   3e00	FINAL_PROJECT_FEET.axf
Finished building: default.size.stdout
 
Finished building: FINAL_PROJECT_FEET.bin
 
Finished building: FINAL_PROJECT_FEET.list
 
12:36:16 **** Incremental Build of configuration Debug for project FINAL_PROJECT_FEET ****
make -j16 all 
arm-none-eabi-gcc "../Src/main.c" -mcpu=cortex-m3 -std=gnu11 -g3 -DSTM32 -DSTM32F1 -DSTM32F103C8Tx -DDEBUG -c -I../Inc -I"C:/E/embedded/test/final simulation code for my assignments/artificial foot/FINAL_PROJECT_FEET/STM32f103c8_drivers/inc" -O0 -ffunction-sections -fdata-sections -Wall -fstack-usage -MMD -MP -MF"Src/main.d" -MT"Src/main.o" --specs=nano.specs -mfloat-abi=soft -mthumb -o "Src/main.o"
../Src/main.c: In function 'main':
../Src/main.c:67:28: warning: pointer targets in passing argument 2 of 'USART_SEND_STRING' differ in signedness [-Wpointer-sign]
   USART_SEND_STRING(USART1,"\n ");
                            ^~~~~
In file included from ../Src/main.c:11:0:
C:/E/embedded/test/final simulation code for my assignments/artificial foot/FINAL_PROJECT_FEET/STM32f103c8_drivers/inc/stm32f103c6_USART_SRIVER.h:114:6: note: expected 'uint8_t * {aka unsigned char *}' but argument is of type 'char *'
 void USART_SEND_STRING(USART_typeDef* USARTx,uint8_t* data);
      ^~~~~~~~~~~~~~~~~
../Src/main.c:70:28: warning: pointer targets in passing argument 2 of 'USART_SEND_STRING' differ in signedness [-Wpointer-sign]
   USART_SEND_STRING(USART1,text);
                            ^~~~
In file included from ../Src/main.c:11:0:
C:/E/embedded/test/final simulation code for my assignments/artificial foot/FINAL_PROJECT_FEET/STM32f103c8_drivers/inc/stm32f103c6_USART_SRIVER.h:114:6: note: expected 'uint8_t * {aka unsigned char *}' but argument is of type 'char *'
 void USART_SEND_STRING(USART_typeDef* USARTx,uint8_t* data);
      ^~~~~~~~~~~~~~~~~
arm-none-eabi-gcc -o "FINAL_PROJECT_FEET.axf" @"objects.list"   -mcpu=cortex-m3 -T"C:\E\embedded\test\final simulation code for my assignments\artificial foot\FINAL_PROJECT_FEET\STM32F103C8TX_FLASH.ld" --specs=nosys.specs -Wl,-Map="FINAL_PROJECT_FEET.map" -Wl,--gc-sections -static --specs=nano.specs -mfloat-abi=soft -mthumb -Wl,--start-group -lc -lm -Wl,--end-group
Finished building target: FINAL_PROJECT_FEET.axf
 
arm-none-eabi-objdump -h -S  FINAL_PROJECT_FEET.axf  > "FINAL_PROJECT_FEET.list"
arm-none-eabi-objcopy  -O binary  FINAL_PROJECT_FEET.axf  "FINAL_PROJECT_FEET.bin"
arm-none-eabi-size   FINAL_PROJECT_FEET.axf 
   text	   data	    bss	    dec	    hex	filename
  13832	    140	   1764	  15736	   3d78	FINAL_PROJECT_FEET.axf
Finished building: default.size.stdout
 
Finished building: FINAL_PROJECT_FEET.bin
 
Finished building: FINAL_PROJECT_FEET.list
 
12:37:03 **** Incremental Build of configuration Debug for project FINAL_PROJECT_FEET ****
make -j16 all 
arm-none-eabi-gcc "../Src/main.c" -mcpu=cortex-m3 -std=gnu11 -g3 -DSTM32 -DSTM32F1 -DSTM32F103C8Tx -DDEBUG -c -I../Inc -I"C:/E/embedded/test/final simulation code for my assignments/artificial foot/FINAL_PROJECT_FEET/STM32f103c8_drivers/inc" -O0 -ffunction-sections -fdata-sections -Wall -fstack-usage -MMD -MP -MF"Src/main.d" -MT"Src/main.o" --specs=nano.specs -mfloat-abi=soft -mthumb -o "Src/main.o"
../Src/main.c: In function 'main':
../Src/main.c:67:28: warning: pointer targets in passing argument 2 of 'USART_SEND_STRING' differ in signedness [-Wpointer-sign]
   USART_SEND_STRING(USART1,"\n ");
                            ^~~~~
In file included from ../Src/main.c:11:0:
C:/E/embedded/test/final simulation code for my assignments/artificial foot/FINAL_PROJECT_FEET/STM32f103c8_drivers/inc/stm32f103c6_USART_SRIVER.h:114:6: note: expected 'uint8_t * {aka unsigned char *}' but argument is of type 'char *'
 void USART_SEND_STRING(USART_typeDef* USARTx,uint8_t* data);
      ^~~~~~~~~~~~~~~~~
../Src/main.c:70:28: warning: pointer targets in passing argument 2 of 'USART_SEND_STRING' differ in signedness [-Wpointer-sign]
   USART_SEND_STRING(USART1,text);
                            ^~~~
In file included from ../Src/main.c:11:0:
C:/E/embedded/test/final simulation code for my assignments/artificial foot/FINAL_PROJECT_FEET/STM32f103c8_drivers/inc/stm32f103c6_USART_SRIVER.h:114:6: note: expected 'uint8_t * {aka unsigned char *}' but argument is of type 'char *'
 void USART_SEND_STRING(USART_typeDef* USARTx,uint8_t* data);
      ^~~~~~~~~~~~~~~~~
arm-none-eabi-gcc -o "FINAL_PROJECT_FEET.axf" @"objects.list"   -mcpu=cortex-m3 -T"C:\E\embedded\test\final simulation code for my assignments\artificial foot\FINAL_PROJECT_FEET\STM32F103C8TX_FLASH.ld" --specs=nosys.specs -Wl,-Map="FINAL_PROJECT_FEET.map" -Wl,--gc-sections -static --specs=nano.specs -mfloat-abi=soft -mthumb -Wl,--start-group -lc -lm -Wl,--end-group
Finished building target: FINAL_PROJECT_FEET.axf
 
arm-none-eabi-objdump -h -S  FINAL_PROJECT_FEET.axf  > "FINAL_PROJECT_FEET.list"
arm-none-eabi-objcopy  -O binary  FINAL_PROJECT_FEET.axf  "FINAL_PROJECT_FEET.bin"
arm-none-eabi-size   FINAL_PROJECT_FEET.axf 
   text	   data	    bss	    dec	    hex	filename
  13828	    140	   1764	  15732	   3d74	FINAL_PROJECT_FEET.axf
Finished building: default.size.stdout
 
Finished building: FINAL_PROJECT_FEET.bin
 
Finished building: FINAL_PROJECT_FEET.list
 
12:53:52 **** Incremental Build of configuration Debug for project FINAL_PROJECT_FEET ****
make -j16 all 
arm-none-eabi-gcc "../Src/main.c" -mcpu=cortex-m3 -std=gnu11 -g3 -DSTM32 -DSTM32F1 -DSTM32F103C8Tx -DDEBUG -c -I../Inc -I"C:/E/embedded/test/final simulation code for my assignments/artificial foot/FINAL_PROJECT_FEET/STM32f103c8_drivers/inc" -O0 -ffunction-sections -fdata-sections -Wall -fstack-usage -MMD -MP -MF"Src/main.d" -MT"Src/main.o" --specs=nano.specs -mfloat-abi=soft -mthumb -o "Src/main.o"
../Src/main.c: In function 'main':
../Src/main.c:68:28: warning: pointer targets in passing argument 2 of 'USART_SEND_STRING' differ in signedness [-Wpointer-sign]
   USART_SEND_STRING(USART1,"\n ");
                            ^~~~~
In file included from ../Src/main.c:11:0:
C:/E/embedded/test/final simulation code for my assignments/artificial foot/FINAL_PROJECT_FEET/STM32f103c8_drivers/inc/stm32f103c6_USART_SRIVER.h:114:6: note: expected 'uint8_t * {aka unsigned char *}' but argument is of type 'char *'
 void USART_SEND_STRING(USART_typeDef* USARTx,uint8_t* data);
      ^~~~~~~~~~~~~~~~~
../Src/main.c:71:28: warning: pointer targets in passing argument 2 of 'USART_SEND_STRING' differ in signedness [-Wpointer-sign]
   USART_SEND_STRING(USART1,text);
                            ^~~~
In file included from ../Src/main.c:11:0:
C:/E/embedded/test/final simulation code for my assignments/artificial foot/FINAL_PROJECT_FEET/STM32f103c8_drivers/inc/stm32f103c6_USART_SRIVER.h:114:6: note: expected 'uint8_t * {aka unsigned char *}' but argument is of type 'char *'
 void USART_SEND_STRING(USART_typeDef* USARTx,uint8_t* data);
      ^~~~~~~~~~~~~~~~~
arm-none-eabi-gcc -o "FINAL_PROJECT_FEET.axf" @"objects.list"   -mcpu=cortex-m3 -T"C:\E\embedded\test\final simulation code for my assignments\artificial foot\FINAL_PROJECT_FEET\STM32F103C8TX_FLASH.ld" --specs=nosys.specs -Wl,-Map="FINAL_PROJECT_FEET.map" -Wl,--gc-sections -static --specs=nano.specs -mfloat-abi=soft -mthumb -Wl,--start-group -lc -lm -Wl,--end-group
Finished building target: FINAL_PROJECT_FEET.axf
 
arm-none-eabi-objdump -h -S  FINAL_PROJECT_FEET.axf  > "FINAL_PROJECT_FEET.list"
arm-none-eabi-objcopy  -O binary  FINAL_PROJECT_FEET.axf  "FINAL_PROJECT_FEET.bin"
arm-none-eabi-size   FINAL_PROJECT_FEET.axf 
   text	   data	    bss	    dec	    hex	filename
  13812	    140	   1764	  15716	   3d64	FINAL_PROJECT_FEET.axf
Finished building: default.size.stdout
 
Finished building: FINAL_PROJECT_FEET.bin
 
Finished building: FINAL_PROJECT_FEET.list
 
12:55:16 **** Incremental Build of configuration Debug for project FINAL_PROJECT_FEET ****
make -j16 all 
arm-none-eabi-gcc "../Src/main.c" -mcpu=cortex-m3 -std=gnu11 -g3 -DSTM32 -DSTM32F1 -DSTM32F103C8Tx -DDEBUG -c -I../Inc -I"C:/E/embedded/test/final simulation code for my assignments/artificial foot/FINAL_PROJECT_FEET/STM32f103c8_drivers/inc" -O0 -ffunction-sections -fdata-sections -Wall -fstack-usage -MMD -MP -MF"Src/main.d" -MT"Src/main.o" --specs=nano.specs -mfloat-abi=soft -mthumb -o "Src/main.o"
../Src/main.c: In function 'main':
../Src/main.c:68:28: warning: pointer targets in passing argument 2 of 'USART_SEND_STRING' differ in signedness [-Wpointer-sign]
   USART_SEND_STRING(USART1,"\n ");
                            ^~~~~
In file included from ../Src/main.c:11:0:
C:/E/embedded/test/final simulation code for my assignments/artificial foot/FINAL_PROJECT_FEET/STM32f103c8_drivers/inc/stm32f103c6_USART_SRIVER.h:114:6: note: expected 'uint8_t * {aka unsigned char *}' but argument is of type 'char *'
 void USART_SEND_STRING(USART_typeDef* USARTx,uint8_t* data);
      ^~~~~~~~~~~~~~~~~
../Src/main.c:71:28: warning: pointer targets in passing argument 2 of 'USART_SEND_STRING' differ in signedness [-Wpointer-sign]
   USART_SEND_STRING(USART1,text);
                            ^~~~
In file included from ../Src/main.c:11:0:
C:/E/embedded/test/final simulation code for my assignments/artificial foot/FINAL_PROJECT_FEET/STM32f103c8_drivers/inc/stm32f103c6_USART_SRIVER.h:114:6: note: expected 'uint8_t * {aka unsigned char *}' but argument is of type 'char *'
 void USART_SEND_STRING(USART_typeDef* USARTx,uint8_t* data);
      ^~~~~~~~~~~~~~~~~
arm-none-eabi-gcc -o "FINAL_PROJECT_FEET.axf" @"objects.list"   -mcpu=cortex-m3 -T"C:\E\embedded\test\final simulation code for my assignments\artificial foot\FINAL_PROJECT_FEET\STM32F103C8TX_FLASH.ld" --specs=nosys.specs -Wl,-Map="FINAL_PROJECT_FEET.map" -Wl,--gc-sections -static --specs=nano.specs -mfloat-abi=soft -mthumb -Wl,--start-group -lc -lm -Wl,--end-group
Finished building target: FINAL_PROJECT_FEET.axf
 
arm-none-eabi-objdump -h -S  FINAL_PROJECT_FEET.axf  > "FINAL_PROJECT_FEET.list"
arm-none-eabi-objcopy  -O binary  FINAL_PROJECT_FEET.axf  "FINAL_PROJECT_FEET.bin"
arm-none-eabi-size   FINAL_PROJECT_FEET.axf 
   text	   data	    bss	    dec	    hex	filename
  13816	    140	   1764	  15720	   3d68	FINAL_PROJECT_FEET.axf
Finished building: default.size.stdout
 
Finished building: FINAL_PROJECT_FEET.bin
 
Finished building: FINAL_PROJECT_FEET.list
 
12:56:07 **** Incremental Build of configuration Debug for project FINAL_PROJECT_FEET ****
make -j16 all 
arm-none-eabi-gcc "../Src/main.c" -mcpu=cortex-m3 -std=gnu11 -g3 -DSTM32 -DSTM32F1 -DSTM32F103C8Tx -DDEBUG -c -I../Inc -I"C:/E/embedded/test/final simulation code for my assignments/artificial foot/FINAL_PROJECT_FEET/STM32f103c8_drivers/inc" -O0 -ffunction-sections -fdata-sections -Wall -fstack-usage -MMD -MP -MF"Src/main.d" -MT"Src/main.o" --specs=nano.specs -mfloat-abi=soft -mthumb -o "Src/main.o"
../Src/main.c: In function 'main':
../Src/main.c:68:28: warning: pointer targets in passing argument 2 of 'USART_SEND_STRING' differ in signedness [-Wpointer-sign]
   USART_SEND_STRING(USART1,"\n ");
                            ^~~~~
In file included from ../Src/main.c:11:0:
C:/E/embedded/test/final simulation code for my assignments/artificial foot/FINAL_PROJECT_FEET/STM32f103c8_drivers/inc/stm32f103c6_USART_SRIVER.h:114:6: note: expected 'uint8_t * {aka unsigned char *}' but argument is of type 'char *'
 void USART_SEND_STRING(USART_typeDef* USARTx,uint8_t* data);
      ^~~~~~~~~~~~~~~~~
../Src/main.c:71:28: warning: pointer targets in passing argument 2 of 'USART_SEND_STRING' differ in signedness [-Wpointer-sign]
   USART_SEND_STRING(USART1,text);
                            ^~~~
In file included from ../Src/main.c:11:0:
C:/E/embedded/test/final simulation code for my assignments/artificial foot/FINAL_PROJECT_FEET/STM32f103c8_drivers/inc/stm32f103c6_USART_SRIVER.h:114:6: note: expected 'uint8_t * {aka unsigned char *}' but argument is of type 'char *'
 void USART_SEND_STRING(USART_typeDef* USARTx,uint8_t* data);
      ^~~~~~~~~~~~~~~~~
arm-none-eabi-gcc -o "FINAL_PROJECT_FEET.axf" @"objects.list"   -mcpu=cortex-m3 -T"C:\E\embedded\test\final simulation code for my assignments\artificial foot\FINAL_PROJECT_FEET\STM32F103C8TX_FLASH.ld" --specs=nosys.specs -Wl,-Map="FINAL_PROJECT_FEET.map" -Wl,--gc-sections -static --specs=nano.specs -mfloat-abi=soft -mthumb -Wl,--start-group -lc -lm -Wl,--end-group
Finished building target: FINAL_PROJECT_FEET.axf
 
arm-none-eabi-objdump -h -S  FINAL_PROJECT_FEET.axf  > "FINAL_PROJECT_FEET.list"
arm-none-eabi-objcopy  -O binary  FINAL_PROJECT_FEET.axf  "FINAL_PROJECT_FEET.bin"
arm-none-eabi-size   FINAL_PROJECT_FEET.axf 
   text	   data	    bss	    dec	    hex	filename
  13812	    140	   1764	  15716	   3d64	FINAL_PROJECT_FEET.axf
Finished building: default.size.stdout
 
Finished building: FINAL_PROJECT_FEET.bin
 
Finished building: FINAL_PROJECT_FEET.list
 
13:06:37 **** Incremental Build of configuration Debug for project FINAL_PROJECT_FEET ****
make -j16 all 
arm-none-eabi-gcc "../Src/main.c" -mcpu=cortex-m3 -std=gnu11 -g3 -DSTM32 -DSTM32F1 -DSTM32F103C8Tx -DDEBUG -c -I../Inc -I"C:/E/embedded/test/final simulation code for my assignments/artificial foot/FINAL_PROJECT_FEET/STM32f103c8_drivers/inc" -O0 -ffunction-sections -fdata-sections -Wall -fstack-usage -MMD -MP -MF"Src/main.d" -MT"Src/main.o" --specs=nano.specs -mfloat-abi=soft -mthumb -o "Src/main.o"
../Src/main.c: In function 'main':
../Src/main.c:68:28: warning: pointer targets in passing argument 2 of 'USART_SEND_STRING' differ in signedness [-Wpointer-sign]
   USART_SEND_STRING(USART1,"\n ");
                            ^~~~~
In file included from ../Src/main.c:11:0:
C:/E/embedded/test/final simulation code for my assignments/artificial foot/FINAL_PROJECT_FEET/STM32f103c8_drivers/inc/stm32f103c6_USART_SRIVER.h:114:6: note: expected 'uint8_t * {aka unsigned char *}' but argument is of type 'char *'
 void USART_SEND_STRING(USART_typeDef* USARTx,uint8_t* data);
      ^~~~~~~~~~~~~~~~~
../Src/main.c:71:28: warning: pointer targets in passing argument 2 of 'USART_SEND_STRING' differ in signedness [-Wpointer-sign]
   USART_SEND_STRING(USART1,text);
                            ^~~~
In file included from ../Src/main.c:11:0:
C:/E/embedded/test/final simulation code for my assignments/artificial foot/FINAL_PROJECT_FEET/STM32f103c8_drivers/inc/stm32f103c6_USART_SRIVER.h:114:6: note: expected 'uint8_t * {aka unsigned char *}' but argument is of type 'char *'
 void USART_SEND_STRING(USART_typeDef* USARTx,uint8_t* data);
      ^~~~~~~~~~~~~~~~~
arm-none-eabi-gcc -o "FINAL_PROJECT_FEET.axf" @"objects.list"   -mcpu=cortex-m3 -T"C:\E\embedded\test\final simulation code for my assignments\artificial foot\FINAL_PROJECT_FEET\STM32F103C8TX_FLASH.ld" --specs=nosys.specs -Wl,-Map="FINAL_PROJECT_FEET.map" -Wl,--gc-sections -static --specs=nano.specs -mfloat-abi=soft -mthumb -Wl,--start-group -lc -lm -Wl,--end-group
Finished building target: FINAL_PROJECT_FEET.axf
 
arm-none-eabi-objdump -h -S  FINAL_PROJECT_FEET.axf  > "FINAL_PROJECT_FEET.list"
arm-none-eabi-objcopy  -O binary  FINAL_PROJECT_FEET.axf  "FINAL_PROJECT_FEET.bin"
arm-none-eabi-size   FINAL_PROJECT_FEET.axf 
   text	   data	    bss	    dec	    hex	filename
  13812	    140	   1764	  15716	   3d64	FINAL_PROJECT_FEET.axf
Finished building: default.size.stdout
 
Finished building: FINAL_PROJECT_FEET.bin
 
Finished building: FINAL_PROJECT_FEET.list
 
